../../Drivers/STM32G0xx_HAL_Driver/Inc/stm32g0xx_hal_pcd.h:534:26:PCD_GET_EP_RX_CNT	24	static
../../Drivers/STM32G0xx_HAL_Driver/Inc/stm32g0xx_hal_pcd.h:577:26:PCD_GET_EP_DBUF0_CNT	24	static
../../Drivers/STM32G0xx_HAL_Driver/Inc/stm32g0xx_hal_pcd.h:597:26:PCD_GET_EP_DBUF1_CNT	24	static
C://Git.Personal/ELO301/2023.Fw/Template_ELOBoard/Drivers/STM32G0xx_HAL_Driver/Src/stm32g0xx_hal_pcd.c:124:19:HAL_PCD_Init	40	static
C://Git.Personal/ELO301/2023.Fw/Template_ELOBoard/Drivers/STM32G0xx_HAL_Driver/Src/stm32g0xx_hal_pcd.c:219:19:HAL_PCD_DeInit	16	static
C://Git.Personal/ELO301/2023.Fw/Template_ELOBoard/Drivers/STM32G0xx_HAL_Driver/Src/stm32g0xx_hal_pcd.c:258:13:HAL_PCD_MspInit	16	static
C://Git.Personal/ELO301/2023.Fw/Template_ELOBoard/Drivers/STM32G0xx_HAL_Driver/Src/stm32g0xx_hal_pcd.c:273:13:HAL_PCD_MspDeInit	16	static
C://Git.Personal/ELO301/2023.Fw/Template_ELOBoard/Drivers/STM32G0xx_HAL_Driver/Src/stm32g0xx_hal_pcd.c:976:19:HAL_PCD_Start	16	static
C://Git.Personal/ELO301/2023.Fw/Template_ELOBoard/Drivers/STM32G0xx_HAL_Driver/Src/stm32g0xx_hal_pcd.c:991:19:HAL_PCD_Stop	16	static
C://Git.Personal/ELO301/2023.Fw/Template_ELOBoard/Drivers/STM32G0xx_HAL_Driver/Src/stm32g0xx_hal_pcd.c:1007:6:HAL_PCD_IRQHandler	24	static
C://Git.Personal/ELO301/2023.Fw/Template_ELOBoard/Drivers/STM32G0xx_HAL_Driver/Src/stm32g0xx_hal_pcd.c:1159:13:HAL_PCD_DataOutStageCallback	16	static
C://Git.Personal/ELO301/2023.Fw/Template_ELOBoard/Drivers/STM32G0xx_HAL_Driver/Src/stm32g0xx_hal_pcd.c:1176:13:HAL_PCD_DataInStageCallback	16	static
C://Git.Personal/ELO301/2023.Fw/Template_ELOBoard/Drivers/STM32G0xx_HAL_Driver/Src/stm32g0xx_hal_pcd.c:1191:13:HAL_PCD_SetupStageCallback	16	static
C://Git.Personal/ELO301/2023.Fw/Template_ELOBoard/Drivers/STM32G0xx_HAL_Driver/Src/stm32g0xx_hal_pcd.c:1206:13:HAL_PCD_SOFCallback	16	static
C://Git.Personal/ELO301/2023.Fw/Template_ELOBoard/Drivers/STM32G0xx_HAL_Driver/Src/stm32g0xx_hal_pcd.c:1221:13:HAL_PCD_ResetCallback	16	static
C://Git.Personal/ELO301/2023.Fw/Template_ELOBoard/Drivers/STM32G0xx_HAL_Driver/Src/stm32g0xx_hal_pcd.c:1236:13:HAL_PCD_SuspendCallback	16	static
C://Git.Personal/ELO301/2023.Fw/Template_ELOBoard/Drivers/STM32G0xx_HAL_Driver/Src/stm32g0xx_hal_pcd.c:1251:13:HAL_PCD_ResumeCallback	16	static
C://Git.Personal/ELO301/2023.Fw/Template_ELOBoard/Drivers/STM32G0xx_HAL_Driver/Src/stm32g0xx_hal_pcd.c:1267:13:HAL_PCD_ISOOUTIncompleteCallback	16	static
C://Git.Personal/ELO301/2023.Fw/Template_ELOBoard/Drivers/STM32G0xx_HAL_Driver/Src/stm32g0xx_hal_pcd.c:1284:13:HAL_PCD_ISOINIncompleteCallback	16	static
C://Git.Personal/ELO301/2023.Fw/Template_ELOBoard/Drivers/STM32G0xx_HAL_Driver/Src/stm32g0xx_hal_pcd.c:1300:13:HAL_PCD_ConnectCallback	16	static
C://Git.Personal/ELO301/2023.Fw/Template_ELOBoard/Drivers/STM32G0xx_HAL_Driver/Src/stm32g0xx_hal_pcd.c:1315:13:HAL_PCD_DisconnectCallback	16	static
C://Git.Personal/ELO301/2023.Fw/Template_ELOBoard/Drivers/STM32G0xx_HAL_Driver/Src/stm32g0xx_hal_pcd.c:1349:19:HAL_PCD_DevConnect	16	static
C://Git.Personal/ELO301/2023.Fw/Template_ELOBoard/Drivers/STM32G0xx_HAL_Driver/Src/stm32g0xx_hal_pcd.c:1363:19:HAL_PCD_DevDisconnect	16	static
C://Git.Personal/ELO301/2023.Fw/Template_ELOBoard/Drivers/STM32G0xx_HAL_Driver/Src/stm32g0xx_hal_pcd.c:1378:19:HAL_PCD_SetAddress	16	static
C://Git.Personal/ELO301/2023.Fw/Template_ELOBoard/Drivers/STM32G0xx_HAL_Driver/Src/stm32g0xx_hal_pcd.c:1395:19:HAL_PCD_EP_Open	32	static
C://Git.Personal/ELO301/2023.Fw/Template_ELOBoard/Drivers/STM32G0xx_HAL_Driver/Src/stm32g0xx_hal_pcd.c:1435:19:HAL_PCD_EP_Close	24	static
C://Git.Personal/ELO301/2023.Fw/Template_ELOBoard/Drivers/STM32G0xx_HAL_Driver/Src/stm32g0xx_hal_pcd.c:1466:19:HAL_PCD_EP_Receive	32	static
C://Git.Personal/ELO301/2023.Fw/Template_ELOBoard/Drivers/STM32G0xx_HAL_Driver/Src/stm32g0xx_hal_pcd.c:1490:10:HAL_PCD_EP_GetRxCount	16	static
C://Git.Personal/ELO301/2023.Fw/Template_ELOBoard/Drivers/STM32G0xx_HAL_Driver/Src/stm32g0xx_hal_pcd.c:1502:19:HAL_PCD_EP_Transmit	32	static
C://Git.Personal/ELO301/2023.Fw/Template_ELOBoard/Drivers/STM32G0xx_HAL_Driver/Src/stm32g0xx_hal_pcd.c:1528:19:HAL_PCD_EP_SetStall	24	static
C://Git.Personal/ELO301/2023.Fw/Template_ELOBoard/Drivers/STM32G0xx_HAL_Driver/Src/stm32g0xx_hal_pcd.c:1566:19:HAL_PCD_EP_ClrStall	24	static
C://Git.Personal/ELO301/2023.Fw/Template_ELOBoard/Drivers/STM32G0xx_HAL_Driver/Src/stm32g0xx_hal_pcd.c:1602:19:HAL_PCD_EP_Abort	32	static
C://Git.Personal/ELO301/2023.Fw/Template_ELOBoard/Drivers/STM32G0xx_HAL_Driver/Src/stm32g0xx_hal_pcd.c:1628:19:HAL_PCD_EP_Flush	16	static
C://Git.Personal/ELO301/2023.Fw/Template_ELOBoard/Drivers/STM32G0xx_HAL_Driver/Src/stm32g0xx_hal_pcd.c:1651:19:HAL_PCD_ActivateRemoteWakeup	16	static
C://Git.Personal/ELO301/2023.Fw/Template_ELOBoard/Drivers/STM32G0xx_HAL_Driver/Src/stm32g0xx_hal_pcd.c:1661:19:HAL_PCD_DeActivateRemoteWakeup	16	static
C://Git.Personal/ELO301/2023.Fw/Template_ELOBoard/Drivers/STM32G0xx_HAL_Driver/Src/stm32g0xx_hal_pcd.c:1690:18:HAL_PCD_GetState	16	static
C://Git.Personal/ELO301/2023.Fw/Template_ELOBoard/Drivers/STM32G0xx_HAL_Driver/Src/stm32g0xx_hal_pcd.c:1714:26:PCD_EP_ISR_Handler	72	static
C://Git.Personal/ELO301/2023.Fw/Template_ELOBoard/Drivers/STM32G0xx_HAL_Driver/Src/stm32g0xx_hal_pcd.c:1993:17:HAL_PCD_EP_DB_Receive	56	static
C://Git.Personal/ELO301/2023.Fw/Template_ELOBoard/Drivers/STM32G0xx_HAL_Driver/Src/stm32g0xx_hal_pcd.c:2074:26:HAL_PCD_EP_DB_Transmit	72	static
