Archive member included to satisfy reference by file (symbol)

C:/ST/STM32CubeIDE_1.19.0/STM32CubeIDE/plugins/com.st.stm32cube.ide.mcu.externaltools.gnu-tools-for-stm32.13.3.rel1.win32_1.0.0.202411081344/tools/bin/../lib/gcc/arm-none-eabi/13.3.1/../../../../arm-none-eabi/lib/thumb/v6-m/nofp\libc_nano.a(libc_a-exit.o)
                              C:/ST/STM32CubeIDE_1.19.0/STM32CubeIDE/plugins/com.st.stm32cube.ide.mcu.externaltools.gnu-tools-for-stm32.13.3.rel1.win32_1.0.0.202411081344/tools/bin/../lib/gcc/arm-none-eabi/13.3.1/../../../../arm-none-eabi/lib/thumb/v6-m/nofp/crt0.o (exit)
C:/ST/STM32CubeIDE_1.19.0/STM32CubeIDE/plugins/com.st.stm32cube.ide.mcu.externaltools.gnu-tools-for-stm32.13.3.rel1.win32_1.0.0.202411081344/tools/bin/../lib/gcc/arm-none-eabi/13.3.1/../../../../arm-none-eabi/lib/thumb/v6-m/nofp\libc_nano.a(libc_a-findfp.o)
                              C:/ST/STM32CubeIDE_1.19.0/STM32CubeIDE/plugins/com.st.stm32cube.ide.mcu.externaltools.gnu-tools-for-stm32.13.3.rel1.win32_1.0.0.202411081344/tools/bin/../lib/gcc/arm-none-eabi/13.3.1/../../../../arm-none-eabi/lib/thumb/v6-m/nofp\libc_nano.a(libc_a-exit.o) (__stdio_exit_handler)
C:/ST/STM32CubeIDE_1.19.0/STM32CubeIDE/plugins/com.st.stm32cube.ide.mcu.externaltools.gnu-tools-for-stm32.13.3.rel1.win32_1.0.0.202411081344/tools/bin/../lib/gcc/arm-none-eabi/13.3.1/../../../../arm-none-eabi/lib/thumb/v6-m/nofp\libc_nano.a(libc_a-fwalk.o)
                              C:/ST/STM32CubeIDE_1.19.0/STM32CubeIDE/plugins/com.st.stm32cube.ide.mcu.externaltools.gnu-tools-for-stm32.13.3.rel1.win32_1.0.0.202411081344/tools/bin/../lib/gcc/arm-none-eabi/13.3.1/../../../../arm-none-eabi/lib/thumb/v6-m/nofp\libc_nano.a(libc_a-findfp.o) (_fwalk_sglue)
C:/ST/STM32CubeIDE_1.19.0/STM32CubeIDE/plugins/com.st.stm32cube.ide.mcu.externaltools.gnu-tools-for-stm32.13.3.rel1.win32_1.0.0.202411081344/tools/bin/../lib/gcc/arm-none-eabi/13.3.1/../../../../arm-none-eabi/lib/thumb/v6-m/nofp\libc_nano.a(libc_a-stdio.o)
                              C:/ST/STM32CubeIDE_1.19.0/STM32CubeIDE/plugins/com.st.stm32cube.ide.mcu.externaltools.gnu-tools-for-stm32.13.3.rel1.win32_1.0.0.202411081344/tools/bin/../lib/gcc/arm-none-eabi/13.3.1/../../../../arm-none-eabi/lib/thumb/v6-m/nofp\libc_nano.a(libc_a-findfp.o) (__sread)
C:/ST/STM32CubeIDE_1.19.0/STM32CubeIDE/plugins/com.st.stm32cube.ide.mcu.externaltools.gnu-tools-for-stm32.13.3.rel1.win32_1.0.0.202411081344/tools/bin/../lib/gcc/arm-none-eabi/13.3.1/../../../../arm-none-eabi/lib/thumb/v6-m/nofp\libc_nano.a(libc_a-memset.o)
                              C:/ST/STM32CubeIDE_1.19.0/STM32CubeIDE/plugins/com.st.stm32cube.ide.mcu.externaltools.gnu-tools-for-stm32.13.3.rel1.win32_1.0.0.202411081344/tools/bin/../lib/gcc/arm-none-eabi/13.3.1/../../../../arm-none-eabi/lib/thumb/v6-m/nofp/crt0.o (memset)
C:/ST/STM32CubeIDE_1.19.0/STM32CubeIDE/plugins/com.st.stm32cube.ide.mcu.externaltools.gnu-tools-for-stm32.13.3.rel1.win32_1.0.0.202411081344/tools/bin/../lib/gcc/arm-none-eabi/13.3.1/../../../../arm-none-eabi/lib/thumb/v6-m/nofp\libc_nano.a(libc_a-closer.o)
                              C:/ST/STM32CubeIDE_1.19.0/STM32CubeIDE/plugins/com.st.stm32cube.ide.mcu.externaltools.gnu-tools-for-stm32.13.3.rel1.win32_1.0.0.202411081344/tools/bin/../lib/gcc/arm-none-eabi/13.3.1/../../../../arm-none-eabi/lib/thumb/v6-m/nofp\libc_nano.a(libc_a-stdio.o) (_close_r)
C:/ST/STM32CubeIDE_1.19.0/STM32CubeIDE/plugins/com.st.stm32cube.ide.mcu.externaltools.gnu-tools-for-stm32.13.3.rel1.win32_1.0.0.202411081344/tools/bin/../lib/gcc/arm-none-eabi/13.3.1/../../../../arm-none-eabi/lib/thumb/v6-m/nofp\libc_nano.a(libc_a-reent.o)
                              C:/ST/STM32CubeIDE_1.19.0/STM32CubeIDE/plugins/com.st.stm32cube.ide.mcu.externaltools.gnu-tools-for-stm32.13.3.rel1.win32_1.0.0.202411081344/tools/bin/../lib/gcc/arm-none-eabi/13.3.1/../../../../arm-none-eabi/lib/thumb/v6-m/nofp\libc_nano.a(libc_a-closer.o) (errno)
C:/ST/STM32CubeIDE_1.19.0/STM32CubeIDE/plugins/com.st.stm32cube.ide.mcu.externaltools.gnu-tools-for-stm32.13.3.rel1.win32_1.0.0.202411081344/tools/bin/../lib/gcc/arm-none-eabi/13.3.1/../../../../arm-none-eabi/lib/thumb/v6-m/nofp\libc_nano.a(libc_a-impure.o)
                              C:/ST/STM32CubeIDE_1.19.0/STM32CubeIDE/plugins/com.st.stm32cube.ide.mcu.externaltools.gnu-tools-for-stm32.13.3.rel1.win32_1.0.0.202411081344/tools/bin/../lib/gcc/arm-none-eabi/13.3.1/../../../../arm-none-eabi/lib/thumb/v6-m/nofp\libc_nano.a(libc_a-reent.o) (_impure_ptr)
C:/ST/STM32CubeIDE_1.19.0/STM32CubeIDE/plugins/com.st.stm32cube.ide.mcu.externaltools.gnu-tools-for-stm32.13.3.rel1.win32_1.0.0.202411081344/tools/bin/../lib/gcc/arm-none-eabi/13.3.1/../../../../arm-none-eabi/lib/thumb/v6-m/nofp\libc_nano.a(libc_a-lseekr.o)
[...]
Memory Configuration

Name             Origin             Length             Attributes
RAM              0x20000000         0x00024000         xrw
FLASH            0x08000000         0x00020000         xr
*default*        0x00000000         0xffffffff

Linker script and memory map

LOAD C:/ST/STM32CubeIDE_1.19.0/STM32CubeIDE/plugins/com.st.stm32cube.ide.mcu.externaltools.gnu-tools-for-stm32.13.3.rel1.win32_1.0.0.202411081344/tools/bin/../lib/gcc/arm-none-eabi/13.3.1/thumb/v6-m/nofp/crti.o
LOAD C:/ST/STM32CubeIDE_1.19.0/STM32CubeIDE/plugins/com.st.stm32cube.ide.mcu.externaltools.gnu-tools-for-stm32.13.3.rel1.win32_1.0.0.202411081344/tools/bin/../lib/gcc/arm-none-eabi/13.3.1/thumb/v6-m/nofp/crtbegin.o
LOAD C:/ST/STM32CubeIDE_1.19.0/STM32CubeIDE/plugins/com.st.stm32cube.ide.mcu.externaltools.gnu-tools-for-stm32.13.3.rel1.win32_1.0.0.202411081344/tools/bin/../lib/gcc/arm-none-eabi/13.3.1/../../../../arm-none-eabi/lib/thumb/v6-m/nofp/crt0.o
LOAD ./Application/User/Core/gpio.o
LOAD ./Application/User/Core/main.o
LOAD ./Application/User/Core/stm32g0xx_hal_msp.o
LOAD ./Application/User/Core/stm32g0xx_it.o
LOAD ./Application/User/Core/syscalls.o
LOAD ./Application/User/Core/sysmem.o
LOAD ./Application/User/Startup/startup_stm32g0b1cbtx.o
LOAD ./Application/User/USB_Device/App/usb_device.o
LOAD ./Application/User/USB_Device/App/usbd_cdc_if.o
LOAD ./Application/User/USB_Device/App/usbd_desc.o
LOAD ./Application/User/USB_Device/Target/usbd_conf.o
LOAD ./Drivers/CMSIS/system_stm32g0xx.o
LOAD ./Drivers/STM32G0xx_HAL_Driver/stm32g0xx_hal.o
LOAD ./Drivers/STM32G0xx_HAL_Driver/stm32g0xx_hal_cortex.o
LOAD ./Drivers/STM32G0xx_HAL_Driver/stm32g0xx_hal_dma.o
LOAD ./Drivers/STM32G0xx_HAL_Driver/stm32g0xx_hal_dma_ex.o
LOAD ./Drivers/STM32G0xx_HAL_Driver/stm32g0xx_hal_exti.o
LOAD ./Drivers/STM32G0xx_HAL_Driver/stm32g0xx_hal_flash.o
LOAD ./Drivers/STM32G0xx_HAL_Driver/stm32g0xx_hal_flash_ex.o
LOAD ./Drivers/STM32G0xx_HAL_Driver/stm32g0xx_hal_gpio.o
LOAD ./Drivers/STM32G0xx_HAL_Driver/stm32g0xx_hal_pcd.o
LOAD ./Drivers/STM32G0xx_HAL_Driver/stm32g0xx_hal_pcd_ex.o
LOAD ./Drivers/STM32G0xx_HAL_Driver/stm32g0xx_hal_pwr.o
LOAD ./Drivers/STM32G0xx_HAL_Driver/stm32g0xx_hal_pwr_ex.o
LOAD ./Drivers/STM32G0xx_HAL_Driver/stm32g0xx_hal_rcc.o
LOAD ./Drivers/STM32G0xx_HAL_Driver/stm32g0xx_hal_rcc_ex.o
LOAD ./Drivers/STM32G0xx_HAL_Driver/stm32g0xx_ll_rcc.o
LOAD ./Drivers/STM32G0xx_HAL_Driver/stm32g0xx_ll_usb.o
LOAD ./Middlewares/USB_Device_Library/usbd_cdc.o
LOAD ./Middlewares/USB_Device_Library/usbd_core.o
LOAD ./Middlewares/USB_Device_Library/usbd_ctlreq.o
LOAD ./Middlewares/USB_Device_Library/usbd_ioreq.o
START GROUP
LOAD C:/ST/STM32CubeIDE_1.19.0/STM32CubeIDE/plugins/com.st.stm32cube.ide.mcu.externaltools.gnu-tools-for-stm32.13.3.rel1.win32_1.0.0.202411081344/tools/bin/../lib/gcc/arm-none-eabi/13.3.1/../../../../arm-none-eabi/lib/thumb/v6-m/nofp\libc_nano.a
LOAD C:/ST/STM32CubeIDE_1.19.0/STM32CubeIDE/plugins/com.st.stm32cube.ide.mcu.externaltools.gnu-tools-for-stm32.13.3.rel1.win32_1.0.0.202411081344/tools/bin/../lib/gcc/arm-none-eabi/13.3.1/../../../../arm-none-eabi/lib/thumb/v6-m/nofp\libm.a
END GROUP
START GROUP
LOAD C:/ST/STM32CubeIDE_1.19.0/STM32CubeIDE/plugins/com.st.stm32cube.ide.mcu.externaltools.gnu-tools-for-stm32.13.3.rel1.win32_1.0.0.202411081344/tools/bin/../lib/gcc/arm-none-eabi/13.3.1/thumb/v6-m/nofp\libgcc.a
LOAD C:/ST/STM32CubeIDE_1.19.0/STM32CubeIDE/plugins/com.st.stm32cube.ide.mcu.externaltools.gnu-tools-for-stm32.13.3.rel1.win32_1.0.0.202411081344/tools/bin/../lib/gcc/arm-none-eabi/13.3.1/../../../../arm-none-eabi/lib/thumb/v6-m/nofp\libc_nano.a
END GROUP
START GROUP
LOAD C:/ST/STM32CubeIDE_1.19.0/STM32CubeIDE/plugins/com.st.stm32cube.ide.mcu.externaltools.gnu-tools-for-stm32.13.3.rel1.win32_1.0.0.202411081344/tools/bin/../lib/gcc/arm-none-eabi/13.3.1/thumb/v6-m/nofp\libgcc.a
LOAD C:/ST/STM32CubeIDE_1.19.0/STM32CubeIDE/plugins/com.st.stm32cube.ide.mcu.externaltools.gnu-tools-for-stm32.13.3.rel1.win32_1.0.0.202411081344/tools/bin/../lib/gcc/arm-none-eabi/13.3.1/../../../../arm-none-eabi/lib/thumb/v6-m/nofp\libc_nano.a
LOAD C:/ST/STM32CubeIDE_1.19.0/STM32CubeIDE/plugins/com.st.stm32cube.ide.mcu.externaltools.gnu-tools-for-stm32.13.3.rel1.win32_1.0.0.202411081344/tools/bin/../lib/gcc/arm-none-eabi/13.3.1/../../../../arm-none-eabi/lib/thumb/v6-m/nofp\libnosys.a
END GROUP
START GROUP
LOAD C:/ST/STM32CubeIDE_1.19.0/STM32CubeIDE/plugins/com.st.stm32cube.ide.mcu.externaltools.gnu-tools-for-stm32.13.3.rel1.win32_1.0.0.202411081344/tools/bin/../lib/gcc/arm-none-eabi/13.3.1/thumb/v6-m/nofp\libgcc.a
LOAD C:/ST/STM32CubeIDE_1.19.0/STM32CubeIDE/plugins/com.st.stm32cube.ide.mcu.externaltools.gnu-tools-for-stm32.13.3.rel1.win32_1.0.0.202411081344/tools/bin/../lib/gcc/arm-none-eabi/13.3.1/../../../../arm-none-eabi/lib/thumb/v6-m/nofp\libc_nano.a
LOAD C:/ST/STM32CubeIDE_1.19.0/STM32CubeIDE/plugins/com.st.stm32cube.ide.mcu.externaltools.gnu-tools-for-stm32.13.3.rel1.win32_1.0.0.202411081344/tools/bin/../lib/gcc/arm-none-eabi/13.3.1/../../../../arm-none-eabi/lib/thumb/v6-m/nofp\libnosys.a
END GROUP
LOAD C:/ST/STM32CubeIDE_1.19.0/STM32CubeIDE/plugins/com.st.stm32cube.ide.mcu.externaltools.gnu-tools-for-stm32.13.3.rel1.win32_1.0.0.202411081344/tools/bin/../lib/gcc/arm-none-eabi/13.3.1/thumb/v6-m/nofp/crtend.o
LOAD C:/ST/STM32CubeIDE_1.19.0/STM32CubeIDE/plugins/com.st.stm32cube.ide.mcu.externaltools.gnu-tools-for-stm32.13.3.rel1.win32_1.0.0.202411081344/tools/bin/../lib/gcc/arm-none-eabi/13.3.1/thumb/v6-m/nofp/crtn.o
                0x20024000                        _estack = (ORIGIN (RAM) + LENGTH (RAM))
                0x00000200                        _Min_Heap_Size = 0x200
                0x00000400                        _Min_Stack_Size = 0x400

.isr_vector     0x08000000       0xbc
                0x08000000                        . = ALIGN (0x4)
 *(.isr_vector)
 .isr_vector    0x08000000       0xbc ./Application/User/Startup/startup_stm32g0b1cbtx.o
                0x08000000                g_pfnVectors
                0x080000bc                        . = ALIGN (0x4)

.text           0x080000bc     0x516c
                0x080000bc                        . = ALIGN (0x4)
 *(.text)
 .text          0x080000bc       0x48 C:/ST/STM32CubeIDE_1.19.0/STM32CubeIDE/plugins/com.st.stm32cube.ide.mcu.externaltools.gnu-tools-for-stm32.13.3.rel1.win32_1.0.0.202411081344/tools/bin/../lib/gcc/arm-none-eabi/13.3.1/thumb/v6-m/nofp/crtbegin.o
 .text          0x08000104      0x114 C:/ST/STM32CubeIDE_1.19.0/STM32CubeIDE/plugins/com.st.stm32cube.ide.mcu.externaltools.gnu-tools-for-stm32.13.3.rel1.win32_1.0.0.202411081344/tools/bin/../lib/gcc/arm-none-eabi/13.3.1/thumb/v6-m/nofp\libgcc.a(_udivsi3.o)
                0x08000104                __aeabi_uidiv
                0x08000104                __udivsi3
                0x08000210                __aeabi_uidivmod
 .text          0x08000218        0x4 C:/ST/STM32CubeIDE_1.19.0/STM32CubeIDE/plugins/com.st.stm32cube.ide.mcu.externaltools.gnu-tools-for-stm32.13.3.rel1.win32_1.0.0.202411081344/tools/bin/../lib/gcc/arm-none-eabi/13.3.1/thumb/v6-m/nofp\libgcc.a(_dvmd_tls.o)
                0x08000218                __aeabi_idiv0
                0x08000218                __aeabi_ldiv0
 *(.text*)
 .text.MX_GPIO_Init
                0x0800021c       0x88 ./Application/User/Core/gpio.o
                0x0800021c                MX_GPIO_Init
 .text.main     0x080002a4       0x30 ./Application/User/Core/main.o
                0x080002a4                main
 .text.SystemClock_Config
                0x080002d4       0xc4 ./Application/User/Core/main.o
                0x080002d4                SystemClock_Config
 .text.Error_Handler
                0x08000398        0xc ./Application/User/Core/main.o
                0x08000398                Error_Handler
 .text.HAL_MspInit
                0x080003a4       0x50 ./Application/User/Core/stm32g0xx_hal_msp.o
                0x080003a4                HAL_MspInit
 .text.NMI_Handler
                0x080003f4        0x8 ./Application/User/Core/stm32g0xx_it.o
                0x080003f4                NMI_Handler
 .text.HardFault_Handler
                0x080003fc        0x8 ./Application/User/Core/stm32g0xx_it.o
                0x080003fc                HardFault_Handler
 .text.SVC_Handler
                0x08000404        0xa ./Application/User/Core/stm32g0xx_it.o
                0x08000404                SVC_Handler
 .text.PendSV_Handler
                0x0800040e        0xa ./Application/User/Core/stm32g0xx_it.o
                0x0800040e                PendSV_Handler
 .text.SysTick_Handler
                0x08000418        0xe ./Application/User/Core/stm32g0xx_it.o
                0x08000418                SysTick_Handler
 *fill*         0x08000426        0x2 
 .text.Reset_Handler
                0x08000428       0x50 ./Application/User/Startup/startup_stm32g0b1cbtx.o
                0x08000428                Reset_Handler
 .text.Default_Handler
                0x08000478        0x2 ./Application/User/Startup/startup_stm32g0b1cbtx.o
                0x08000478                I2C2_3_IRQHandler
                0x08000478                USART3_4_5_6_LPUART1_IRQHandler
                0x08000478                TIM1_CC_IRQHandler
                0x08000478                ADC1_COMP_IRQHandler
                0x08000478                I2C1_IRQHandler
                0x08000478                TIM7_LPTIM2_IRQHandler
                0x08000478                TIM17_FDCAN_IT1_IRQHandler
                0x08000478                DMA1_Ch4_7_DMA2_Ch1_5_DMAMUX1_OVR_IRQHandler
                0x08000478                RCC_CRS_IRQHandler
                0x08000478                RTC_TAMP_IRQHandler
                0x08000478                SPI1_IRQHandler
                0x08000478                USB_UCPD1_2_IRQHandler
                0x08000478                EXTI2_3_IRQHandler
                0x08000478                USART2_LPUART2_IRQHandler
                0x08000478                PVD_VDDIO2_IRQHandler
                0x08000478                EXTI4_15_IRQHandler
                0x08000478                DMA1_Channel1_IRQHandler
                0x08000478                Default_Handler
                0x08000478                CEC_IRQHandler
                0x08000478                TIM14_IRQHandler
                0x08000478                TIM15_IRQHandler
                0x08000478                TIM3_TIM4_IRQHandler
                0x08000478                EXTI0_1_IRQHandler
                0x08000478                SPI2_3_IRQHandler
                0x08000478                TIM6_DAC_LPTIM1_IRQHandler
                0x08000478                WWDG_IRQHandler
                0x08000478                TIM2_IRQHandler
                0x08000478                DMA1_Channel2_3_IRQHandler
                0x08000478                FLASH_IRQHandler
                0x08000478                USART1_IRQHandler
                0x08000478                TIM16_FDCAN_IT0_IRQHandler
                0x08000478                TIM1_BRK_UP_TRG_COM_IRQHandler
 *fill*         0x0800047a        0x2 
 .text.MX_USB_Device_Init
                0x0800047c       0x68 ./Application/User/USB_Device/App/usb_device.o
                0x0800047c                MX_USB_Device_Init
 .text.CDC_Init_FS
                0x080004e4       0x30 ./Application/User/USB_Device/App/usbd_cdc_if.o
 .text.CDC_DeInit_FS
                0x08000514        0xc ./Application/User/USB_Device/App/usbd_cdc_if.o
 .text.CDC_Control_FS
                0x08000520       0x38 ./Application/User/USB_Device/App/usbd_cdc_if.o
 .text.CDC_Receive_FS
                0x08000558       0x2c ./Application/User/USB_Device/App/usbd_cdc_if.o
 .text.CDC_TransmitCplt_FS
                0x08000584       0x24 ./Application/User/USB_Device/App/usbd_cdc_if.o
 .text.USBD_CDC_DeviceDescriptor
                0x080005a8       0x24 ./Application/User/USB_Device/App/usbd_desc.o
                0x080005a8                USBD_CDC_DeviceDescriptor
 .text.USBD_CDC_LangIDStrDescriptor
                0x080005cc       0x24 ./Application/User/USB_Device/App/usbd_desc.o
                0x080005cc                USBD_CDC_LangIDStrDescriptor
 .text.USBD_CDC_ProductStrDescriptor
                0x080005f0       0x44 ./Application/User/USB_Device/App/usbd_desc.o
                0x080005f0                USBD_CDC_ProductStrDescriptor
 .text.USBD_CDC_ManufacturerStrDescriptor
                0x08000634       0x2c ./Application/User/USB_Device/App/usbd_desc.o
                0x08000634                USBD_CDC_ManufacturerStrDescriptor
 .text.USBD_CDC_SerialStrDescriptor
                0x08000660       0x28 ./Application/User/USB_Device/App/usbd_desc.o
                0x08000660                USBD_CDC_SerialStrDescriptor
 .text.USBD_CDC_ConfigStrDescriptor
                0x08000688       0x44 ./Application/User/USB_Device/App/usbd_desc.o
                0x08000688                USBD_CDC_ConfigStrDescriptor
 .text.USBD_CDC_InterfaceStrDescriptor
                0x080006cc       0x44 ./Application/User/USB_Device/App/usbd_desc.o
                0x080006cc                USBD_CDC_InterfaceStrDescriptor
 .text.Get_SerialNum
                0x08000710       0x5c ./Application/User/USB_Device/App/usbd_desc.o
 .text.IntToUnicode
                0x0800076c       0x96 ./Application/User/USB_Device/App/usbd_desc.o
 *fill*         0x08000802        0x2 
 .text.HAL_PCD_MspInit
                0x08000804       0xb0 ./Application/User/USB_Device/Target/usbd_conf.o
                0x08000804                HAL_PCD_MspInit
 .text.USBD_LL_Init
                0x080008b4       0xe4 ./Application/User/USB_Device/Target/usbd_conf.o
                0x080008b4                USBD_LL_Init
 .text.USBD_LL_Start
                0x08000998       0x4a ./Application/User/USB_Device/Target/usbd_conf.o
                0x08000998                USBD_LL_Start
 .text.USBD_LL_OpenEP
                0x080009e2       0x6e ./Application/User/USB_Device/Target/usbd_conf.o
                0x080009e2                USBD_LL_OpenEP
 .text.USBD_LL_CloseEP
                0x08000a50       0x56 ./Application/User/USB_Device/Target/usbd_conf.o
                0x08000a50                USBD_LL_CloseEP
 .text.USBD_LL_StallEP
                0x08000aa6       0x56 ./Application/User/USB_Device/Target/usbd_conf.o
                0x08000aa6                USBD_LL_StallEP
 .text.USBD_LL_Transmit
                0x08000afc       0x60 ./Application/User/USB_Device/Target/usbd_conf.o
                0x08000afc                USBD_LL_Transmit
 .text.USBD_LL_PrepareReceive
                0x08000b5c       0x60 ./Application/User/USB_Device/Target/usbd_conf.o
                0x08000b5c                USBD_LL_PrepareReceive
 .text.USBD_LL_GetRxDataSize
                0x08000bbc       0x2c ./Application/User/USB_Device/Target/usbd_conf.o
                0x08000bbc                USBD_LL_GetRxDataSize
 .text.USBD_static_malloc
                0x08000be8       0x18 ./Application/User/USB_Device/Target/usbd_conf.o
                0x08000be8                USBD_static_malloc
 .text.USBD_static_free
                0x08000c00       0x10 ./Application/User/USB_Device/Target/usbd_conf.o
                0x08000c00                USBD_static_free
 .text.USBD_Get_USB_Status
                0x08000c10       0x6e ./Application/User/USB_Device/Target/usbd_conf.o
 *fill*         0x08000c7e        0x2 
 .text.SystemInit
                0x08000c80       0x18 ./Drivers/CMSIS/system_stm32g0xx.o
                0x08000c80                SystemInit
 .text.HAL_Init
                0x08000c98       0x40 ./Drivers/STM32G0xx_HAL_Driver/stm32g0xx_hal.o
                0x08000c98                HAL_Init
 .text.HAL_InitTick
                0x08000cd8       0x94 ./Drivers/STM32G0xx_HAL_Driver/stm32g0xx_hal.o
                0x08000cd8                HAL_InitTick
 .text.HAL_IncTick
                0x08000d6c       0x24 ./Drivers/STM32G0xx_HAL_Driver/stm32g0xx_hal.o
                0x08000d6c                HAL_IncTick
 .text.HAL_GetTick
                0x08000d90       0x14 ./Drivers/STM32G0xx_HAL_Driver/stm32g0xx_hal.o
                0x08000d90                HAL_GetTick
 .text.HAL_Delay
                0x08000da4       0x48 ./Drivers/STM32G0xx_HAL_Driver/stm32g0xx_hal.o
                0x08000da4                HAL_Delay
 .text.HAL_SYSCFG_StrobeDBattpinsConfig
                0x08000dec       0x2c ./Drivers/STM32G0xx_HAL_Driver/stm32g0xx_hal.o
                0x08000dec                HAL_SYSCFG_StrobeDBattpinsConfig
 .text.__NVIC_SetPriority
                0x08000e18       0xdc ./Drivers/STM32G0xx_HAL_Driver/stm32g0xx_hal_cortex.o
 .text.SysTick_Config
                0x08000ef4       0x48 ./Drivers/STM32G0xx_HAL_Driver/stm32g0xx_hal_cortex.o
 .text.HAL_NVIC_SetPriority
                0x08000f3c       0x2a ./Drivers/STM32G0xx_HAL_Driver/stm32g0xx_hal_cortex.o
                0x08000f3c                HAL_NVIC_SetPriority
 .text.HAL_SYSTICK_Config
                0x08000f66       0x1a ./Drivers/STM32G0xx_HAL_Driver/stm32g0xx_hal_cortex.o
                0x08000f66                HAL_SYSTICK_Config
 .text.HAL_GPIO_Init
                0x08000f80      0x2d8 ./Drivers/STM32G0xx_HAL_Driver/stm32g0xx_hal_gpio.o
                0x08000f80                HAL_GPIO_Init
 .text.HAL_GPIO_WritePin
                0x08001258       0x3a ./Drivers/STM32G0xx_HAL_Driver/stm32g0xx_hal_gpio.o
                0x08001258                HAL_GPIO_WritePin
 .text.HAL_GPIO_TogglePin
                0x08001292       0x36 ./Drivers/STM32G0xx_HAL_Driver/stm32g0xx_hal_gpio.o
                0x08001292                HAL_GPIO_TogglePin
 .text.HAL_PCD_Init
                0x080012c8      0x1f4 ./Drivers/STM32G0xx_HAL_Driver/stm32g0xx_hal_pcd.o
                0x080012c8                HAL_PCD_Init
 .text.HAL_PCD_Start
                0x080014bc       0x4a ./Drivers/STM32G0xx_HAL_Driver/stm32g0xx_hal_pcd.o
                0x080014bc                HAL_PCD_Start
 .text.HAL_PCD_EP_Open
                0x08001506       0xe2 ./Drivers/STM32G0xx_HAL_Driver/stm32g0xx_hal_pcd.o
                0x08001506                HAL_PCD_EP_Open
 .text.HAL_PCD_EP_Close
                0x080015e8       0xa6 ./Drivers/STM32G0xx_HAL_Driver/stm32g0xx_hal_pcd.o
                0x080015e8                HAL_PCD_EP_Close
 .text.HAL_PCD_EP_Receive
                0x0800168e       0x70 ./Drivers/STM32G0xx_HAL_Driver/stm32g0xx_hal_pcd.o
                0x0800168e                HAL_PCD_EP_Receive
 .text.HAL_PCD_EP_GetRxCount
                0x080016fe       0x32 ./Drivers/STM32G0xx_HAL_Driver/stm32g0xx_hal_pcd.o
                0x080016fe                HAL_PCD_EP_GetRxCount
 .text.HAL_PCD_EP_Transmit
                0x08001730       0x7a ./Drivers/STM32G0xx_HAL_Driver/stm32g0xx_hal_pcd.o
                0x08001730                HAL_PCD_EP_Transmit
 .text.HAL_PCD_EP_SetStall
                0x080017aa       0xbc ./Drivers/STM32G0xx_HAL_Driver/stm32g0xx_hal_pcd.o
                0x080017aa                HAL_PCD_EP_SetStall
 .text.HAL_PCDEx_PMAConfig
                0x08001866       0xa0 ./Drivers/STM32G0xx_HAL_Driver/stm32g0xx_hal_pcd_ex.o
                0x08001866                HAL_PCDEx_PMAConfig
 .text.HAL_PCDEx_ActivateLPM
                0x08001906       0x44 ./Drivers/STM32G0xx_HAL_Driver/stm32g0xx_hal_pcd_ex.o
                0x08001906                HAL_PCDEx_ActivateLPM
 *fill*         0x0800194a        0x2 
 .text.HAL_PWREx_EnableVddUSB
                0x0800194c       0x1c ./Drivers/STM32G0xx_HAL_Driver/stm32g0xx_hal_pwr_ex.o
                0x0800194c                HAL_PWREx_EnableVddUSB
 .text.HAL_PWREx_ControlVoltageScaling
                0x08001968       0x80 ./Drivers/STM32G0xx_HAL_Driver/stm32g0xx_hal_pwr_ex.o
                0x08001968                HAL_PWREx_ControlVoltageScaling
 .text.HAL_RCC_OscConfig
                0x080019e8      0x6c0 ./Drivers/STM32G0xx_HAL_Driver/stm32g0xx_hal_rcc.o
                0x080019e8                HAL_RCC_OscConfig
 .text.HAL_RCC_ClockConfig
                0x080020a8      0x210 ./Drivers/STM32G0xx_HAL_Driver/stm32g0xx_hal_rcc.o
                0x080020a8                HAL_RCC_ClockConfig
 .text.HAL_RCC_GetSysClockFreq
                0x080022b8      0x104 ./Drivers/STM32G0xx_HAL_Driver/stm32g0xx_hal_rcc.o
                0x080022b8                HAL_RCC_GetSysClockFreq
 .text.HAL_RCCEx_PeriphCLKConfig
                0x080023bc      0x478 ./Drivers/STM32G0xx_HAL_Driver/stm32g0xx_hal_rcc_ex.o
                0x080023bc                HAL_RCCEx_PeriphCLKConfig
 .text.USB_EnableGlobalInt
                0x08002834       0x28 ./Drivers/STM32G0xx_HAL_Driver/stm32g0xx_ll_usb.o
                0x08002834                USB_EnableGlobalInt
 .text.USB_DisableGlobalInt
                0x0800285c       0x28 ./Drivers/STM32G0xx_HAL_Driver/stm32g0xx_ll_usb.o
                0x0800285c                USB_DisableGlobalInt
 .text.USB_SetCurrentMode
                0x08002884       0x4a ./Drivers/STM32G0xx_HAL_Driver/stm32g0xx_ll_usb.o
                0x08002884                USB_SetCurrentMode
 .text.USB_DevInit
                0x080028ce       0x56 ./Drivers/STM32G0xx_HAL_Driver/stm32g0xx_ll_usb.o
                0x080028ce                USB_DevInit
 .text.USB_ActivateEndpoint
                0x08002924      0x668 ./Drivers/STM32G0xx_HAL_Driver/stm32g0xx_ll_usb.o
                0x08002924                USB_ActivateEndpoint
 .text.USB_DeactivateEndpoint
                0x08002f8c      0x2cc ./Drivers/STM32G0xx_HAL_Driver/stm32g0xx_ll_usb.o
                0x08002f8c                USB_DeactivateEndpoint
 .text.USB_EPStartXfer
                0x08003258     0x102c ./Drivers/STM32G0xx_HAL_Driver/stm32g0xx_ll_usb.o
                0x08003258                USB_EPStartXfer
 .text.USB_EPSetStall
                0x08004284       0x84 ./Drivers/STM32G0xx_HAL_Driver/stm32g0xx_ll_usb.o
                0x08004284                USB_EPSetStall
 .text.USB_DevConnect
                0x08004308       0x20 ./Drivers/STM32G0xx_HAL_Driver/stm32g0xx_ll_usb.o
                0x08004308                USB_DevConnect
 .text.USB_WritePMA
                0x08004328       0xec ./Drivers/STM32G0xx_HAL_Driver/stm32g0xx_ll_usb.o
                0x08004328                USB_WritePMA
 .text.USBD_CDC_Init
                0x08004414      0x220 ./Middlewares/USB_Device_Library/usbd_cdc.o
 .text.USBD_CDC_DeInit
                0x08004634      0x120 ./Middlewares/USB_Device_Library/usbd_cdc.o
 .text.USBD_CDC_Setup
                0x08004754      0x1f0 ./Middlewares/USB_Device_Library/usbd_cdc.o
 .text.USBD_CDC_DataIn
                0x08004944      0x11e ./Middlewares/USB_Device_Library/usbd_cdc.o
 .text.USBD_CDC_DataOut
                0x08004a62       0x86 ./Middlewares/USB_Device_Library/usbd_cdc.o
 .text.USBD_CDC_EP0_RxReady
                0x08004ae8       0x88 ./Middlewares/USB_Device_Library/usbd_cdc.o
 .text.USBD_CDC_GetFSCfgDesc
                0x08004b70       0x90 ./Middlewares/USB_Device_Library/usbd_cdc.o
 .text.USBD_CDC_GetHSCfgDesc
                0x08004c00       0x90 ./Middlewares/USB_Device_Library/usbd_cdc.o
 .text.USBD_CDC_GetOtherSpeedCfgDesc
                0x08004c90       0x90 ./Middlewares/USB_Device_Library/usbd_cdc.o
 .text.USBD_CDC_GetDeviceQualifierDescriptor
                0x08004d20       0x1c ./Middlewares/USB_Device_Library/usbd_cdc.o
                0x08004d20                USBD_CDC_GetDeviceQualifierDescriptor
 .text.USBD_CDC_RegisterInterface
                0x08004d3c       0x34 ./Middlewares/USB_Device_Library/usbd_cdc.o
                0x08004d3c                USBD_CDC_RegisterInterface
 .text.USBD_CDC_SetTxBuffer
                0x08004d70       0x46 ./Middlewares/USB_Device_Library/usbd_cdc.o
                0x08004d70                USBD_CDC_SetTxBuffer
 .text.USBD_CDC_SetRxBuffer
                0x08004db6       0x3a ./Middlewares/USB_Device_Library/usbd_cdc.o
                0x08004db6                USBD_CDC_SetRxBuffer
 .text.USBD_CDC_ReceivePacket
                0x08004df0       0x74 ./Middlewares/USB_Device_Library/usbd_cdc.o
                0x08004df0                USBD_CDC_ReceivePacket
 .text.USBD_Init
                0x08004e64       0x74 ./Middlewares/USB_Device_Library/usbd_core.o
                0x08004e64                USBD_Init
 .text.USBD_RegisterClass
                0x08004ed8       0x7c ./Middlewares/USB_Device_Library/usbd_core.o
                0x08004ed8                USBD_RegisterClass
 .text.USBD_Start
                0x08004f54       0x1a ./Middlewares/USB_Device_Library/usbd_core.o
                0x08004f54                USBD_Start
 .text.USBD_GetEpDesc
                0x08004f6e       0x8e ./Middlewares/USB_Device_Library/usbd_core.o
                0x08004f6e                USBD_GetEpDesc
 .text.USBD_GetNextDesc
                0x08004ffc       0x34 ./Middlewares/USB_Device_Library/usbd_core.o
                0x08004ffc                USBD_GetNextDesc
 .text.USBD_CtlError
                0x08005030       0x26 ./Middlewares/USB_Device_Library/usbd_ctlreq.o
                0x08005030                USBD_CtlError
 .text.USBD_GetString
                0x08005056       0xac ./Middlewares/USB_Device_Library/usbd_ctlreq.o
                0x08005056                USBD_GetString
 .text.USBD_GetLen
                0x08005102       0x3e ./Middlewares/USB_Device_Library/usbd_ctlreq.o
 .text.USBD_CtlSendData
                0x08005140       0x38 ./Middlewares/USB_Device_Library/usbd_ioreq.o
                0x08005140                USBD_CtlSendData
 .text.USBD_CtlPrepareRx
                0x08005178       0x40 ./Middlewares/USB_Device_Library/usbd_ioreq.o
                0x08005178                USBD_CtlPrepareRx
 .text.memset   0x080051b8       0x10 C:/ST/STM32CubeIDE_1.19.0/STM32CubeIDE/plugins/com.st.stm32cube.ide.mcu.externaltools.gnu-tools-for-stm32.13.3.rel1.win32_1.0.0.202411081344/tools/bin/../lib/gcc/arm-none-eabi/13.3.1/../../../../arm-none-eabi/lib/thumb/v6-m/nofp\libc_nano.a(libc_a-memset.o)
                0x080051b8                memset
 .text.__libc_init_array
                0x080051c8       0x48 C:/ST/STM32CubeIDE_1.19.0/STM32CubeIDE/plugins/com.st.stm32cube.ide.mcu.externaltools.gnu-tools-for-stm32.13.3.rel1.win32_1.0.0.202411081344/tools/bin/../lib/gcc/arm-none-eabi/13.3.1/../../../../arm-none-eabi/lib/thumb/v6-m/nofp\libc_nano.a(libc_a-init.o)
                0x080051c8                __libc_init_array
 *(.glue_7)
 .glue_7        0x08005210        0x0 linker stubs
 *(.glue_7t)
 .glue_7t       0x08005210        0x0 linker stubs
 *(.eh_frame)
 .eh_frame      0x08005210        0x0 C:/ST/STM32CubeIDE_1.19.0/STM32CubeIDE/plugins/com.st.stm32cube.ide.mcu.externaltools.gnu-tools-for-stm32.13.3.rel1.win32_1.0.0.202411081344/tools/bin/../lib/gcc/arm-none-eabi/13.3.1/thumb/v6-m/nofp/crtbegin.o
 *(.init)
 .init          0x08005210        0x4 C:/ST/STM32CubeIDE_1.19.0/STM32CubeIDE/plugins/com.st.stm32cube.ide.mcu.externaltools.gnu-tools-for-stm32.13.3.rel1.win32_1.0.0.202411081344/tools/bin/../lib/gcc/arm-none-eabi/13.3.1/thumb/v6-m/nofp/crti.o
                0x08005210                _init
 .init          0x08005214        0x8 C:/ST/STM32CubeIDE_1.19.0/STM32CubeIDE/plugins/com.st.stm32cube.ide.mcu.externaltools.gnu-tools-for-stm32.13.3.rel1.win32_1.0.0.202411081344/tools/bin/../lib/gcc/arm-none-eabi/13.3.1/thumb/v6-m/nofp/crtn.o
 *(.fini)
 .fini          0x0800521c        0x4 C:/ST/STM32CubeIDE_1.19.0/STM32CubeIDE/plugins/com.st.stm32cube.ide.mcu.externaltools.gnu-tools-for-stm32.13.3.rel1.win32_1.0.0.202411081344/tools/bin/../lib/gcc/arm-none-eabi/13.3.1/thumb/v6-m/nofp/crti.o
                0x0800521c                _fini
 .fini          0x08005220        0x8 C:/ST/STM32CubeIDE_1.19.0/STM32CubeIDE/plugins/com.st.stm32cube.ide.mcu.externaltools.gnu-tools-for-stm32.13.3.rel1.win32_1.0.0.202411081344/tools/bin/../lib/gcc/arm-none-eabi/13.3.1/thumb/v6-m/nofp/crtn.o
                0x08005228                        . = ALIGN (0x4)
                0x08005228                        _etext = .

.vfp11_veneer   0x08005228        0x0
 .vfp11_veneer  0x08005228        0x0 linker stubs

.v4_bx          0x08005228        0x0
 .v4_bx         0x08005228        0x0 linker stubs

.iplt           0x08005228        0x0
 .iplt          0x08005228        0x0 C:/ST/STM32CubeIDE_1.19.0/STM32CubeIDE/plugins/com.st.stm32cube.ide.mcu.externaltools.gnu-tools-for-stm32.13.3.rel1.win32_1.0.0.202411081344/tools/bin/../lib/gcc/arm-none-eabi/13.3.1/thumb/v6-m/nofp/crtbegin.o

.rodata         0x08005228      0x118
                0x08005228                        . = ALIGN (0x4)
 *(.rodata)
 .rodata        0x08005228       0x46 ./Application/User/USB_Device/App/usbd_desc.o
 *(.rodata*)
 *fill*         0x0800526e        0x2 
 .rodata.CDC_Control_FS
                0x08005270       0x90 ./Application/User/USB_Device/App/usbd_cdc_if.o
 .rodata.AHBPrescTable
                0x08005300       0x40 ./Drivers/CMSIS/system_stm32g0xx.o
                0x08005300                AHBPrescTable
                0x08005340                        . = ALIGN (0x4)

.ARM.extab      0x08005340        0x0
                0x08005340                        . = ALIGN (0x4)
 *(.ARM.extab* .gnu.linkonce.armextab.*)
                0x08005340                        . = ALIGN (0x4)

.ARM            0x08005340        0x0
                0x08005340                        . = ALIGN (0x4)
                0x08005340                        __exidx_start = .
 *(.ARM.exidx*)
                0x08005340                        __exidx_end = .
                0x08005340                        . = ALIGN (0x4)

.preinit_array  0x08005340        0x0
                0x08005340                        . = ALIGN (0x4)
                0x08005340                        PROVIDE (__preinit_array_start = .)
 *(.preinit_array*)
                0x08005340                        PROVIDE (__preinit_array_end = .)
                0x08005340                        . = ALIGN (0x4)

.init_array     0x08005340        0x4
                0x08005340                        . = ALIGN (0x4)
                0x08005340                        PROVIDE (__init_array_start = .)
 *(SORT_BY_NAME(.init_array.*))
 *(.init_array*)
 .init_array    0x08005340        0x4 C:/ST/STM32CubeIDE_1.19.0/STM32CubeIDE/plugins/com.st.stm32cube.ide.mcu.externaltools.gnu-tools-for-stm32.13.3.rel1.win32_1.0.0.202411081344/tools/bin/../lib/gcc/arm-none-eabi/13.3.1/thumb/v6-m/nofp/crtbegin.o
                0x08005344                        PROVIDE (__init_array_end = .)
                0x08005344                        . = ALIGN (0x4)

.fini_array     0x08005344        0x4
                0x08005344                        . = ALIGN (0x4)
                [!provide]                        PROVIDE (__fini_array_start = .)
 *(SORT_BY_NAME(.fini_array.*))
 *(.fini_array*)
 .fini_array    0x08005344        0x4 C:/ST/STM32CubeIDE_1.19.0/STM32CubeIDE/plugins/com.st.stm32cube.ide.mcu.externaltools.gnu-tools-for-stm32.13.3.rel1.win32_1.0.0.202411081344/tools/bin/../lib/gcc/arm-none-eabi/13.3.1/thumb/v6-m/nofp/crtbegin.o
                [!provide]                        PROVIDE (__fini_array_end = .)
                0x08005348                        . = ALIGN (0x4)
                0x08005348                        _sidata = LOADADDR (.data)

.rel.dyn        0x08005348        0x0
 .rel.iplt      0x08005348        0x0 C:/ST/STM32CubeIDE_1.19.0/STM32CubeIDE/plugins/com.st.stm32cube.ide.mcu.externaltools.gnu-tools-for-stm32.13.3.rel1.win32_1.0.0.202411081344/tools/bin/../lib/gcc/arm-none-eabi/13.3.1/thumb/v6-m/nofp/crtbegin.o

.data           0x20000000      0x100 load address 0x08005348
                0x20000000                        . = ALIGN (0x4)
                0x20000000                        _sdata = .
 *(.data)
 *(.data*)
 .data.USBD_Interface_fops_FS
                0x20000000       0x14 ./Application/User/USB_Device/App/usbd_cdc_if.o
                0x20000000                USBD_Interface_fops_FS
 .data.CDC_Desc
                0x20000014       0x20 ./Application/User/USB_Device/App/usbd_desc.o
                0x20000014                CDC_Desc
 .data.USBD_CDC_DeviceDesc
                0x20000034       0x12 ./Application/User/USB_Device/App/usbd_desc.o
                0x20000034                USBD_CDC_DeviceDesc
 *fill*         0x20000046        0x2 
 .data.USBD_LangIDDesc
                0x20000048        0x4 ./Application/User/USB_Device/App/usbd_desc.o
                0x20000048                USBD_LangIDDesc
 .data.USBD_StringSerial
                0x2000004c       0x1a ./Application/User/USB_Device/App/usbd_desc.o
                0x2000004c                USBD_StringSerial
 *fill*         0x20000066        0x2 
 .data.SystemCoreClock
                0x20000068        0x4 ./Drivers/CMSIS/system_stm32g0xx.o
                0x20000068                SystemCoreClock
 .data.uwTickPrio
                0x2000006c        0x4 ./Drivers/STM32G0xx_HAL_Driver/stm32g0xx_hal.o
                0x2000006c                uwTickPrio
 .data.uwTickFreq
                0x20000070        0x1 ./Drivers/STM32G0xx_HAL_Driver/stm32g0xx_hal.o
                0x20000070                uwTickFreq
 *fill*         0x20000071        0x3 
 .data.USBD_CDC_DeviceQualifierDesc
                0x20000074        0xa ./Middlewares/USB_Device_Library/usbd_cdc.o
 *fill*         0x2000007e        0x2 
 .data.USBD_CDC
                0x20000080       0x38 ./Middlewares/USB_Device_Library/usbd_cdc.o
                0x20000080                USBD_CDC
 .data.USBD_CDC_CfgDesc
                0x200000b8       0x43 ./Middlewares/USB_Device_Library/usbd_cdc.o
 .data.CDCInEpAdd
                0x200000fb        0x1 ./Middlewares/USB_Device_Library/usbd_cdc.o
 .data.CDCOutEpAdd
                0x200000fc        0x1 ./Middlewares/USB_Device_Library/usbd_cdc.o
 .data.CDCCmdEpAdd
                0x200000fd        0x1 ./Middlewares/USB_Device_Library/usbd_cdc.o
 *(.RamFunc)
 *(.RamFunc*)
                0x20000100                        . = ALIGN (0x4)
 *fill*         0x200000fe        0x2 
                0x20000100                        _edata = .

.igot.plt       0x20000100        0x0 load address 0x08005448
 .igot.plt      0x20000100        0x0 C:/ST/STM32CubeIDE_1.19.0/STM32CubeIDE/plugins/com.st.stm32cube.ide.mcu.externaltools.gnu-tools-for-stm32.13.3.rel1.win32_1.0.0.202411081344/tools/bin/../lib/gcc/arm-none-eabi/13.3.1/thumb/v6-m/nofp/crtbegin.o
                0x20000100                        . = ALIGN (0x4)

.bss            0x20000100     0x19fc load address 0x08005448
                0x20000100                        _sbss = .
                0x20000100                        __bss_start__ = _sbss
 *(.bss)
 .bss           0x20000100       0x1c C:/ST/STM32CubeIDE_1.19.0/STM32CubeIDE/plugins/com.st.stm32cube.ide.mcu.externaltools.gnu-tools-for-stm32.13.3.rel1.win32_1.0.0.202411081344/tools/bin/../lib/gcc/arm-none-eabi/13.3.1/thumb/v6-m/nofp/crtbegin.o
 *(.bss*)
 .bss.hUsbDeviceFS
                0x2000011c      0x2dc ./Application/User/USB_Device/App/usb_device.o
                0x2000011c                hUsbDeviceFS
 .bss.UserRxBufferFS
                0x200003f8      0x800 ./Application/User/USB_Device/App/usbd_cdc_if.o
                0x200003f8                UserRxBufferFS
 .bss.UserTxBufferFS
                0x20000bf8      0x800 ./Application/User/USB_Device/App/usbd_cdc_if.o
                0x20000bf8                UserTxBufferFS
 .bss.USBD_StrDesc
                0x200013f8      0x200 ./Application/User/USB_Device/App/usbd_desc.o
                0x200013f8                USBD_StrDesc
 .bss.hpcd_USB_DRD_FS
                0x200015f8      0x2e0 ./Application/User/USB_Device/Target/usbd_conf.o
                0x200015f8                hpcd_USB_DRD_FS
 .bss.mem.0     0x200018d8      0x220 ./Application/User/USB_Device/Target/usbd_conf.o
 .bss.uwTick    0x20001af8        0x4 ./Drivers/STM32G0xx_HAL_Driver/stm32g0xx_hal.o
                0x20001af8                uwTick
 *(COMMON)
                0x20001afc                        . = ALIGN (0x4)
                0x20001afc                        _ebss = .
                0x20001afc                        __bss_end__ = _ebss

._user_heap_stack
                0x20001afc      0x604 load address 0x08005448
                0x20001b00                        . = ALIGN (0x8)
 *fill*         0x20001afc        0x4 
                [!provide]                        PROVIDE (end = .)
                0x20001b00                        PROVIDE (_end = .)
                0x20001d00                        . = (. + _Min_Heap_Size)
 *fill*         0x20001b00      0x200 
                0x20002100                        . = (. + _Min_Stack_Size)
 *fill*         0x20001d00      0x400 
                0x20002100                        . = ALIGN (0x8)

/DISCARD/
 libc.a(*)
 libm.a(*)
 libgcc.a(*)

.ARM.attributes
                0x00000000       0x28
 *(.ARM.attributes)
 .ARM.attributes
                0x00000000       0x1e C:/ST/STM32CubeIDE_1.19.0/STM32CubeIDE/plugins/com.st.stm32cube.ide.mcu.externaltools.gnu-tools-for-stm32.13.3.rel1.win32_1.0.0.202411081344/tools/bin/../lib/gcc/arm-none-eabi/13.3.1/thumb/v6-m/nofp/crti.o
 .ARM.attributes
                0x0000001e       0x2c C:/ST/STM32CubeIDE_1.19.0/STM32CubeIDE/plugins/com.st.stm32cube.ide.mcu.externaltools.gnu-tools-for-stm32.13.3.rel1.win32_1.0.0.202411081344/tools/bin/../lib/gcc/arm-none-eabi/13.3.1/thumb/v6-m/nofp/crtbegin.o
 .ARM.attributes
                0x0000004a       0x2c ./Application/User/Core/gpio.o
 .ARM.attributes
                0x00000076       0x2c ./Application/User/Core/main.o
 .ARM.attributes
                0x000000a2       0x2c ./Application/User/Core/stm32g0xx_hal_msp.o
 .ARM.attributes
                0x000000ce       0x2c ./Application/User/Core/stm32g0xx_it.o
 .ARM.attributes
                0x000000fa       0x22 ./Application/User/Startup/startup_stm32g0b1cbtx.o
 .ARM.attributes
                0x0000011c       0x2c ./Application/User/USB_Device/App/usb_device.o
 .ARM.attributes
                0x00000148       0x2c ./Application/User/USB_Device/App/usbd_cdc_if.o
 .ARM.attributes
                0x00000174       0x2c ./Application/User/USB_Device/App/usbd_desc.o
 .ARM.attributes
                0x000001a0       0x2c ./Application/User/USB_Device/Target/usbd_conf.o
 .ARM.attributes
                0x000001cc       0x2c ./Drivers/CMSIS/system_stm32g0xx.o
 .ARM.attributes
                0x000001f8       0x2c ./Drivers/STM32G0xx_HAL_Driver/stm32g0xx_hal.o
 .ARM.attributes
                0x00000224       0x2c ./Drivers/STM32G0xx_HAL_Driver/stm32g0xx_hal_cortex.o
 .ARM.attributes
                0x00000250       0x2c ./Drivers/STM32G0xx_HAL_Driver/stm32g0xx_hal_gpio.o
 .ARM.attributes
                0x0000027c       0x2c ./Drivers/STM32G0xx_HAL_Driver/stm32g0xx_hal_pcd.o
 .ARM.attributes
                0x000002a8       0x2c ./Drivers/STM32G0xx_HAL_Driver/stm32g0xx_hal_pcd_ex.o
 .ARM.attributes
                0x000002d4       0x2c ./Drivers/STM32G0xx_HAL_Driver/stm32g0xx_hal_pwr_ex.o
 .ARM.attributes
                0x00000300       0x2c ./Drivers/STM32G0xx_HAL_Driver/stm32g0xx_hal_rcc.o
 .ARM.attributes
                0x0000032c       0x2c ./Drivers/STM32G0xx_HAL_Driver/stm32g0xx_hal_rcc_ex.o
 .ARM.attributes
                0x00000358       0x2c ./Drivers/STM32G0xx_HAL_Driver/stm32g0xx_ll_usb.o
 .ARM.attributes
                0x00000384       0x2c ./Middlewares/USB_Device_Library/usbd_cdc.o
 .ARM.attributes
                0x000003b0       0x2c ./Middlewares/USB_Device_Library/usbd_core.o
 .ARM.attributes
                0x000003dc       0x2c ./Middlewares/USB_Device_Library/usbd_ctlreq.o
 .ARM.attributes
                0x00000408       0x2c ./Middlewares/USB_Device_Library/usbd_ioreq.o
 .ARM.attributes
                0x00000434       0x2c C:/ST/STM32CubeIDE_1.19.0/STM32CubeIDE/plugins/com.st.stm32cube.ide.mcu.externaltools.gnu-tools-for-stm32.13.3.rel1.win32_1.0.0.202411081344/tools/bin/../lib/gcc/arm-none-eabi/13.3.1/../../../../arm-none-eabi/lib/thumb/v6-m/nofp\libc_nano.a(libc_a-memset.o)
 .ARM.attributes
                0x00000460       0x2c C:/ST/STM32CubeIDE_1.19.0/STM32CubeIDE/plugins/com.st.stm32cube.ide.mcu.externaltools.gnu-tools-for-stm32.13.3.rel1.win32_1.0.0.202411081344/tools/bin/../lib/gcc/arm-none-eabi/13.3.1/../../../../arm-none-eabi/lib/thumb/v6-m/nofp\libc_nano.a(libc_a-init.o)
 .ARM.attributes
                0x0000048c       0x1e C:/ST/STM32CubeIDE_1.19.0/STM32CubeIDE/plugins/com.st.stm32cube.ide.mcu.externaltools.gnu-tools-for-stm32.13.3.rel1.win32_1.0.0.202411081344/tools/bin/../lib/gcc/arm-none-eabi/13.3.1/thumb/v6-m/nofp\libgcc.a(_udivsi3.o)
 .ARM.attributes
                0x000004aa       0x1e C:/ST/STM32CubeIDE_1.19.0/STM32CubeIDE/plugins/com.st.stm32cube.ide.mcu.externaltools.gnu-tools-for-stm32.13.3.rel1.win32_1.0.0.202411081344/tools/bin/../lib/gcc/arm-none-eabi/13.3.1/thumb/v6-m/nofp\libgcc.a(_dvmd_tls.o)
 .ARM.attributes
                0x000004c8       0x1e C:/ST/STM32CubeIDE_1.19.0/STM32CubeIDE/plugins/com.st.stm32cube.ide.mcu.externaltools.gnu-tools-for-stm32.13.3.rel1.win32_1.0.0.202411081344/tools/bin/../lib/gcc/arm-none-eabi/13.3.1/thumb/v6-m/nofp/crtn.o
OUTPUT(Template ELOBoard.elf elf32-littlearm)
LOAD linker stubs
LOAD C:/ST/STM32CubeIDE_1.19.0/STM32CubeIDE/plugins/com.st.stm32cube.ide.mcu.externaltools.gnu-tools-for-stm32.13.3.rel1.win32_1.0.0.202411081344/tools/bin/../lib/gcc/arm-none-eabi/13.3.1/../../../../arm-none-eabi/lib/thumb/v6-m/nofp\libc.a
LOAD C:/ST/STM32CubeIDE_1.19.0/STM32CubeIDE/plugins/com.st.stm32cube.ide.mcu.externaltools.gnu-tools-for-stm32.13.3.rel1.win32_1.0.0.202411081344/tools/bin/../lib/gcc/arm-none-eabi/13.3.1/../../../../arm-none-eabi/lib/thumb/v6-m/nofp\libm.a
LOAD C:/ST/STM32CubeIDE_1.19.0/STM32CubeIDE/plugins/com.st.stm32cube.ide.mcu.externaltools.gnu-tools-for-stm32.13.3.rel1.win32_1.0.0.202411081344/tools/bin/../lib/gcc/arm-none-eabi/13.3.1/thumb/v6-m/nofp\libgcc.a

.debug_info     0x00000000     0xe002
 .debug_info    0x00000000      0x3da ./Application/User/Core/gpio.o
 .debug_info    0x000003da      0x4bd ./Application/User/Core/main.o
 .debug_info    0x00000897      0x278 ./Application/User/Core/stm32g0xx_hal_msp.o
 .debug_info    0x00000b0f      0x117 ./Application/User/Core/stm32g0xx_it.o
 .debug_info    0x00000c26       0x30 ./Application/User/Startup/startup_stm32g0b1cbtx.o
 .debug_info    0x00000c56      0x73a ./Application/User/USB_Device/App/usb_device.o
 .debug_info    0x00001390      0x933 ./Application/User/USB_Device/App/usbd_cdc_if.o
 .debug_info    0x00001cc3      0x489 ./Application/User/USB_Device/App/usbd_desc.o
 .debug_info    0x0000214c     0x18ff ./Application/User/USB_Device/Target/usbd_conf.o
 .debug_info    0x00003a4b      0x3f4 ./Drivers/CMSIS/system_stm32g0xx.o
 .debug_info    0x00003e3f      0xafa ./Drivers/STM32G0xx_HAL_Driver/stm32g0xx_hal.o
 .debug_info    0x00004939      0x8d9 ./Drivers/STM32G0xx_HAL_Driver/stm32g0xx_hal_cortex.o
 .debug_info    0x00005212      0x5d9 ./Drivers/STM32G0xx_HAL_Driver/stm32g0xx_hal_gpio.o
 .debug_info    0x000057eb     0x1502 ./Drivers/STM32G0xx_HAL_Driver/stm32g0xx_hal_pcd.o
 .debug_info    0x00006ced      0x7e7 ./Drivers/STM32G0xx_HAL_Driver/stm32g0xx_hal_pcd_ex.o
 .debug_info    0x000074d4      0x8b5 ./Drivers/STM32G0xx_HAL_Driver/stm32g0xx_hal_pwr_ex.o
 .debug_info    0x00007d89      0xb9b ./Drivers/STM32G0xx_HAL_Driver/stm32g0xx_hal_rcc.o
 .debug_info    0x00008924      0xa41 ./Drivers/STM32G0xx_HAL_Driver/stm32g0xx_hal_rcc_ex.o
 .debug_info    0x00009365     0x1931 ./Drivers/STM32G0xx_HAL_Driver/stm32g0xx_ll_usb.o
 .debug_info    0x0000ac96     0x1289 ./Middlewares/USB_Device_Library/usbd_cdc.o
 .debug_info    0x0000bf1f      0xe3e ./Middlewares/USB_Device_Library/usbd_core.o
 .debug_info    0x0000cd5d      0xb17 ./Middlewares/USB_Device_Library/usbd_ctlreq.o
 .debug_info    0x0000d874      0x78e ./Middlewares/USB_Device_Library/usbd_ioreq.o

.debug_abbrev   0x00000000     0x2ff8
 .debug_abbrev  0x00000000      0x158 ./Application/User/Core/gpio.o
 .debug_abbrev  0x00000158      0x1fc ./Application/User/Core/main.o
 .debug_abbrev  0x00000354       0xf9 ./Application/User/Core/stm32g0xx_hal_msp.o
 .debug_abbrev  0x0000044d       0xac ./Application/User/Core/stm32g0xx_it.o
 .debug_abbrev  0x000004f9       0x24 ./Application/User/Startup/startup_stm32g0b1cbtx.o
 .debug_abbrev  0x0000051d      0x1ad ./Application/User/USB_Device/App/usb_device.o
 .debug_abbrev  0x000006ca      0x2b5 ./Application/User/USB_Device/App/usbd_cdc_if.o
 .debug_abbrev  0x0000097f      0x228 ./Application/User/USB_Device/App/usbd_desc.o
 .debug_abbrev  0x00000ba7      0x371 ./Application/User/USB_Device/Target/usbd_conf.o
 .debug_abbrev  0x00000f18      0x117 ./Drivers/CMSIS/system_stm32g0xx.o
 .debug_abbrev  0x0000102f      0x27f ./Drivers/STM32G0xx_HAL_Driver/stm32g0xx_hal.o
 .debug_abbrev  0x000012ae      0x2ab ./Drivers/STM32G0xx_HAL_Driver/stm32g0xx_hal_cortex.o
 .debug_abbrev  0x00001559      0x1c8 ./Drivers/STM32G0xx_HAL_Driver/stm32g0xx_hal_gpio.o
 .debug_abbrev  0x00001721      0x327 ./Drivers/STM32G0xx_HAL_Driver/stm32g0xx_hal_pcd.o
 .debug_abbrev  0x00001a48      0x22e ./Drivers/STM32G0xx_HAL_Driver/stm32g0xx_hal_pcd_ex.o
 .debug_abbrev  0x00001c76      0x23c ./Drivers/STM32G0xx_HAL_Driver/stm32g0xx_hal_pwr_ex.o
 .debug_abbrev  0x00001eb2      0x2aa ./Drivers/STM32G0xx_HAL_Driver/stm32g0xx_hal_rcc.o
 .debug_abbrev  0x0000215c      0x244 ./Drivers/STM32G0xx_HAL_Driver/stm32g0xx_hal_rcc_ex.o
 .debug_abbrev  0x000023a0      0x2c1 ./Drivers/STM32G0xx_HAL_Driver/stm32g0xx_ll_usb.o
 .debug_abbrev  0x00002661      0x2db ./Middlewares/USB_Device_Library/usbd_cdc.o
 .debug_abbrev  0x0000293c      0x294 ./Middlewares/USB_Device_Library/usbd_core.o
 .debug_abbrev  0x00002bd0      0x276 ./Middlewares/USB_Device_Library/usbd_ctlreq.o
 .debug_abbrev  0x00002e46      0x1b2 ./Middlewares/USB_Device_Library/usbd_ioreq.o

.debug_aranges  0x00000000      0xcd8
 .debug_aranges
                0x00000000       0x20 ./Application/User/Core/gpio.o
 .debug_aranges
                0x00000020       0x38 ./Application/User/Core/main.o
 .debug_aranges
                0x00000058       0x20 ./Application/User/Core/stm32g0xx_hal_msp.o
 .debug_aranges
                0x00000078       0x40 ./Application/User/Core/stm32g0xx_it.o
 .debug_aranges
                0x000000b8       0x28 ./Application/User/Startup/startup_stm32g0b1cbtx.o
 .debug_aranges
                0x000000e0       0x20 ./Application/User/USB_Device/App/usb_device.o
 .debug_aranges
                0x00000100       0x48 ./Application/User/USB_Device/App/usbd_cdc_if.o
 .debug_aranges
                0x00000148       0x60 ./Application/User/USB_Device/App/usbd_desc.o
 .debug_aranges
                0x000001a8      0x120 ./Application/User/USB_Device/Target/usbd_conf.o
 .debug_aranges
                0x000002c8       0x28 ./Drivers/CMSIS/system_stm32g0xx.o
 .debug_aranges
                0x000002f0      0x130 ./Drivers/STM32G0xx_HAL_Driver/stm32g0xx_hal.o
 .debug_aranges
                0x00000420       0xe8 ./Drivers/STM32G0xx_HAL_Driver/stm32g0xx_hal_cortex.o
 .debug_aranges
                0x00000508       0x60 ./Drivers/STM32G0xx_HAL_Driver/stm32g0xx_hal_gpio.o
 .debug_aranges
                0x00000568      0x150 ./Drivers/STM32G0xx_HAL_Driver/stm32g0xx_hal_pcd.o
 .debug_aranges
                0x000006b8       0x58 ./Drivers/STM32G0xx_HAL_Driver/stm32g0xx_hal_pcd_ex.o
 .debug_aranges
                0x00000710      0x128 ./Drivers/STM32G0xx_HAL_Driver/stm32g0xx_hal_pwr_ex.o
 .debug_aranges
                0x00000838       0xa0 ./Drivers/STM32G0xx_HAL_Driver/stm32g0xx_hal_rcc.o
 .debug_aranges
                0x000008d8       0x88 ./Drivers/STM32G0xx_HAL_Driver/stm32g0xx_hal_rcc_ex.o
 .debug_aranges
                0x00000960      0x130 ./Drivers/STM32G0xx_HAL_Driver/stm32g0xx_ll_usb.o
 .debug_aranges
                0x00000a90       0x90 ./Middlewares/USB_Device_Library/usbd_cdc.o
 .debug_aranges
                0x00000b20       0xd8 ./Middlewares/USB_Device_Library/usbd_core.o
 .debug_aranges
                0x00000bf8       0x90 ./Middlewares/USB_Device_Library/usbd_ctlreq.o
 .debug_aranges
                0x00000c88       0x50 ./Middlewares/USB_Device_Library/usbd_ioreq.o

.debug_rnglists
                0x00000000      0x97b
 .debug_rnglists
                0x00000000       0x14 ./Application/User/Core/gpio.o
 .debug_rnglists
                0x00000014       0x26 ./Application/User/Core/main.o
 .debug_rnglists
                0x0000003a       0x13 ./Application/User/Core/stm32g0xx_hal_msp.o
 .debug_rnglists
                0x0000004d       0x2b ./Application/User/Core/stm32g0xx_it.o
 .debug_rnglists
                0x00000078       0x19 ./Application/User/Startup/startup_stm32g0b1cbtx.o
 .debug_rnglists
                0x00000091       0x13 ./Application/User/USB_Device/App/usb_device.o
 .debug_rnglists
                0x000000a4       0x31 ./Application/User/USB_Device/App/usbd_cdc_if.o
 .debug_rnglists
                0x000000d5       0x44 ./Application/User/USB_Device/App/usbd_desc.o
 .debug_rnglists
                0x00000119       0xd5 ./Application/User/USB_Device/Target/usbd_conf.o
 .debug_rnglists
                0x000001ee       0x1a ./Drivers/CMSIS/system_stm32g0xx.o
 .debug_rnglists
                0x00000208       0xe0 ./Drivers/STM32G0xx_HAL_Driver/stm32g0xx_hal.o
 .debug_rnglists
                0x000002e8       0xaa ./Drivers/STM32G0xx_HAL_Driver/stm32g0xx_hal_cortex.o
 .debug_rnglists
                0x00000392       0x45 ./Drivers/STM32G0xx_HAL_Driver/stm32g0xx_hal_gpio.o
 .debug_rnglists
                0x000003d7      0x100 ./Drivers/STM32G0xx_HAL_Driver/stm32g0xx_hal_pcd.o
 .debug_rnglists
                0x000004d7       0x3f ./Drivers/STM32G0xx_HAL_Driver/stm32g0xx_hal_pcd_ex.o
 .debug_rnglists
                0x00000516       0xe0 ./Drivers/STM32G0xx_HAL_Driver/stm32g0xx_hal_pwr_ex.o
 .debug_rnglists
                0x000005f6       0x79 ./Drivers/STM32G0xx_HAL_Driver/stm32g0xx_hal_rcc.o
 .debug_rnglists
                0x0000066f       0x69 ./Drivers/STM32G0xx_HAL_Driver/stm32g0xx_hal_rcc_ex.o
 .debug_rnglists
                0x000006d8       0xeb ./Drivers/STM32G0xx_HAL_Driver/stm32g0xx_ll_usb.o
 .debug_rnglists
                0x000007c3       0x71 ./Middlewares/USB_Device_Library/usbd_cdc.o
 .debug_rnglists
                0x00000834       0xa2 ./Middlewares/USB_Device_Library/usbd_core.o
 .debug_rnglists
                0x000008d6       0x6e ./Middlewares/USB_Device_Library/usbd_ctlreq.o
 .debug_rnglists
                0x00000944       0x37 ./Middlewares/USB_Device_Library/usbd_ioreq.o

.debug_macro    0x00000000    0x1d6ed
 .debug_macro   0x00000000      0x1f4 ./Application/User/Core/gpio.o
 .debug_macro   0x000001f4      0xaae ./Application/User/Core/gpio.o
 .debug_macro   0x00000ca2      0x124 ./Application/User/Core/gpio.o
 .debug_macro   0x00000dc6       0x2e ./Application/User/Core/gpio.o
 .debug_macro   0x00000df4       0x28 ./Application/User/Core/gpio.o
 .debug_macro   0x00000e1c       0x22 ./Application/User/Core/gpio.o
 .debug_macro   0x00000e3e       0x8e ./Application/User/Core/gpio.o
 .debug_macro   0x00000ecc       0x51 ./Application/User/Core/gpio.o
 .debug_macro   0x00000f1d      0x103 ./Application/User/Core/gpio.o
 .debug_macro   0x00001020       0x6a ./Application/User/Core/gpio.o
 .debug_macro   0x0000108a      0x1df ./Application/User/Core/gpio.o
 .debug_macro   0x00001269       0x1c ./Application/User/Core/gpio.o
 .debug_macro   0x00001285       0x22 ./Application/User/Core/gpio.o
 .debug_macro   0x000012a7       0xd1 ./Application/User/Core/gpio.o
 .debug_macro   0x00001378      0x4da ./Application/User/Core/gpio.o
 .debug_macro   0x00001852      0x11f ./Application/User/Core/gpio.o
 .debug_macro   0x00001971     0xf3de ./Application/User/Core/gpio.o
 .debug_macro   0x00010d4f       0x66 ./Application/User/Core/gpio.o
 .debug_macro   0x00010db5     0x350e ./Application/User/Core/gpio.o
 .debug_macro   0x000142c3      0x190 ./Application/User/Core/gpio.o
 .debug_macro   0x00014453       0x5c ./Application/User/Core/gpio.o
 .debug_macro   0x000144af      0x72c ./Application/User/Core/gpio.o
 .debug_macro   0x00014bdb     0x1579 ./Application/User/Core/gpio.o
 .debug_macro   0x00016154      0x535 ./Application/User/Core/gpio.o
 .debug_macro   0x00016689      0x1cf ./Application/User/Core/gpio.o
 .debug_macro   0x00016858      0x25b ./Application/User/Core/gpio.o
 .debug_macro   0x00016ab3      0x4f5 ./Application/User/Core/gpio.o
 .debug_macro   0x00016fa8      0x280 ./Application/User/Core/gpio.o
 .debug_macro   0x00017228      0x417 ./Application/User/Core/gpio.o
 .debug_macro   0x0001763f      0x1b2 ./Application/User/Core/gpio.o
 .debug_macro   0x000177f1       0x43 ./Application/User/Core/gpio.o
 .debug_macro   0x00017834      0x1f1 ./Application/User/Core/gpio.o
 .debug_macro   0x00017a25      0x1e4 ./Application/User/Core/gpio.o
 .debug_macro   0x00017c09      0x3fa ./Application/User/Core/gpio.o
 .debug_macro   0x00018003       0x28 ./Application/User/Core/gpio.o
 .debug_macro   0x0001802b      0x123 ./Application/User/Core/gpio.o
 .debug_macro   0x0001814e      0x224 ./Application/User/Core/gpio.o
 .debug_macro   0x00018372      0x169 ./Application/User/Core/gpio.o
 .debug_macro   0x000184db      0x145 ./Application/User/Core/gpio.o
 .debug_macro   0x00018620      0x30b ./Application/User/Core/gpio.o
 .debug_macro   0x0001892b      0x5df ./Application/User/Core/gpio.o
 .debug_macro   0x00018f0a       0x10 ./Application/User/Core/gpio.o
 .debug_macro   0x00018f1a      0x3a6 ./Application/User/Core/main.o
 .debug_macro   0x000192c0       0x61 ./Application/User/Core/main.o
 .debug_macro   0x00019321       0x24 ./Application/User/Core/main.o
 .debug_macro   0x00019345       0x43 ./Application/User/Core/main.o
 .debug_macro   0x00019388       0x34 ./Application/User/Core/main.o
 .debug_macro   0x000193bc       0x16 ./Application/User/Core/main.o
 .debug_macro   0x000193d2       0x3c ./Application/User/Core/main.o
 .debug_macro   0x0001940e      0x370 ./Application/User/Core/main.o
 .debug_macro   0x0001977e       0x10 ./Application/User/Core/main.o
 .debug_macro   0x0001978e       0x16 ./Application/User/Core/main.o
 .debug_macro   0x000197a4       0x4a ./Application/User/Core/main.o
 .debug_macro   0x000197ee       0x34 ./Application/User/Core/main.o
 .debug_macro   0x00019822       0x10 ./Application/User/Core/main.o
 .debug_macro   0x00019832       0x58 ./Application/User/Core/main.o
 .debug_macro   0x0001988a       0x8e ./Application/User/Core/main.o
 .debug_macro   0x00019918       0x1c ./Application/User/Core/main.o
 .debug_macro   0x00019934      0x185 ./Application/User/Core/main.o
 .debug_macro   0x00019ab9       0x16 ./Application/User/Core/main.o
 .debug_macro   0x00019acf       0x16 ./Application/User/Core/main.o
 .debug_macro   0x00019ae5      0x146 ./Application/User/Core/main.o
 .debug_macro   0x00019c2b       0x16 ./Application/User/Core/main.o
 .debug_macro   0x00019c41       0x16 ./Application/User/Core/main.o
 .debug_macro   0x00019c57       0x29 ./Application/User/Core/main.o
 .debug_macro   0x00019c80       0x16 ./Application/User/Core/main.o
 .debug_macro   0x00019c96       0x20 ./Application/User/Core/main.o
 .debug_macro   0x00019cb6       0x5f ./Application/User/Core/main.o
 .debug_macro   0x00019d15      0x20f ./Application/User/Core/main.o
 .debug_macro   0x00019f24       0x95 ./Application/User/Core/main.o
 .debug_macro   0x00019fb9       0x10 ./Application/User/Core/main.o
 .debug_macro   0x00019fc9      0x1ea ./Application/User/Core/stm32g0xx_hal_msp.o
 .debug_macro   0x0001a1b3      0x1f4 ./Application/User/Core/stm32g0xx_it.o
 .debug_macro   0x0001a3a7      0x390 ./Application/User/USB_Device/App/usb_device.o
 .debug_macro   0x0001a737       0x22 ./Application/User/USB_Device/App/usb_device.o
 .debug_macro   0x0001a759       0x16 ./Application/User/USB_Device/App/usb_device.o
 .debug_macro   0x0001a76f      0x375 ./Application/User/USB_Device/App/usbd_cdc_if.o
 .debug_macro   0x0001aae4       0x9e ./Application/User/USB_Device/App/usbd_cdc_if.o
 .debug_macro   0x0001ab82      0x112 ./Application/User/USB_Device/App/usbd_cdc_if.o
 .debug_macro   0x0001ac94       0x56 ./Application/User/USB_Device/App/usbd_cdc_if.o
 .debug_macro   0x0001acea      0x38e ./Application/User/USB_Device/App/usbd_desc.o
 .debug_macro   0x0001b078      0x215 ./Application/User/USB_Device/App/usbd_desc.o
 .debug_macro   0x0001b28d       0x1c ./Application/User/USB_Device/App/usbd_desc.o
 .debug_macro   0x0001b2a9      0x374 ./Application/User/USB_Device/Target/usbd_conf.o
 .debug_macro   0x0001b61d      0x1ef ./Drivers/CMSIS/system_stm32g0xx.o
 .debug_macro   0x0001b80c      0x1ff ./Drivers/STM32G0xx_HAL_Driver/stm32g0xx_hal.o
 .debug_macro   0x0001ba0b      0x1db ./Drivers/STM32G0xx_HAL_Driver/stm32g0xx_hal_cortex.o
 .debug_macro   0x0001bbe6      0x1e2 ./Drivers/STM32G0xx_HAL_Driver/stm32g0xx_hal_gpio.o
 .debug_macro   0x0001bdc8      0x1e7 ./Drivers/STM32G0xx_HAL_Driver/stm32g0xx_hal_pcd.o
 .debug_macro   0x0001bfaf      0x1db ./Drivers/STM32G0xx_HAL_Driver/stm32g0xx_hal_pcd_ex.o
 .debug_macro   0x0001c18a      0x205 ./Drivers/STM32G0xx_HAL_Driver/stm32g0xx_hal_pwr_ex.o
 .debug_macro   0x0001c38f      0x223 ./Drivers/STM32G0xx_HAL_Driver/stm32g0xx_hal_rcc.o
 .debug_macro   0x0001c5b2      0x1f3 ./Drivers/STM32G0xx_HAL_Driver/stm32g0xx_hal_rcc_ex.o
 .debug_macro   0x0001c7a5      0x1db ./Drivers/STM32G0xx_HAL_Driver/stm32g0xx_ll_usb.o
 .debug_macro   0x0001c980      0x36a ./Middlewares/USB_Device_Library/usbd_cdc.o
 .debug_macro   0x0001ccea      0x351 ./Middlewares/USB_Device_Library/usbd_core.o
 .debug_macro   0x0001d03b      0x35b ./Middlewares/USB_Device_Library/usbd_ctlreq.o
 .debug_macro   0x0001d396      0x357 ./Middlewares/USB_Device_Library/usbd_ioreq.o

.debug_line     0x00000000    0x11b8b
 .debug_line    0x00000000      0x7b8 ./Application/User/Core/gpio.o
 .debug_line    0x000007b8      0xb13 ./Application/User/Core/main.o
 .debug_line    0x000012cb      0x7ab ./Application/User/Core/stm32g0xx_hal_msp.o
 .debug_line    0x00001a76      0x807 ./Application/User/Core/stm32g0xx_it.o
 .debug_line    0x0000227d       0x7b ./Application/User/Startup/startup_stm32g0b1cbtx.o
 .debug_line    0x000022f8      0xa8d ./Application/User/USB_Device/App/usb_device.o
 .debug_line    0x00002d85      0xade ./Application/User/USB_Device/App/usbd_cdc_if.o
 .debug_line    0x00003863      0xb33 ./Application/User/USB_Device/App/usbd_desc.o
 .debug_line    0x00004396      0xf11 ./Application/User/USB_Device/Target/usbd_conf.o
 .debug_line    0x000052a7      0x825 ./Drivers/CMSIS/system_stm32g0xx.o
 .debug_line    0x00005acc      0xb93 ./Drivers/STM32G0xx_HAL_Driver/stm32g0xx_hal.o
 .debug_line    0x0000665f      0xbf8 ./Drivers/STM32G0xx_HAL_Driver/stm32g0xx_hal_cortex.o
 .debug_line    0x00007257      0xbc8 ./Drivers/STM32G0xx_HAL_Driver/stm32g0xx_hal_gpio.o
 .debug_line    0x00007e1f     0x1420 ./Drivers/STM32G0xx_HAL_Driver/stm32g0xx_hal_pcd.o
 .debug_line    0x0000923f      0x948 ./Drivers/STM32G0xx_HAL_Driver/stm32g0xx_hal_pcd_ex.o
 .debug_line    0x00009b87      0xc44 ./Drivers/STM32G0xx_HAL_Driver/stm32g0xx_hal_pwr_ex.o
 .debug_line    0x0000a7cb     0x109d ./Drivers/STM32G0xx_HAL_Driver/stm32g0xx_hal_rcc.o
 .debug_line    0x0000b868     0x1240 ./Drivers/STM32G0xx_HAL_Driver/stm32g0xx_hal_rcc_ex.o
 .debug_line    0x0000caa8     0x15f6 ./Drivers/STM32G0xx_HAL_Driver/stm32g0xx_ll_usb.o
 .debug_line    0x0000e09e      0xf07 ./Middlewares/USB_Device_Library/usbd_cdc.o
 .debug_line    0x0000efa5      0xfa6 ./Middlewares/USB_Device_Library/usbd_core.o
 .debug_line    0x0000ff4b     0x1182 ./Middlewares/USB_Device_Library/usbd_ctlreq.o
 .debug_line    0x000110cd      0xabe ./Middlewares/USB_Device_Library/usbd_ioreq.o

.debug_str      0x00000000    0xafbc1
 .debug_str     0x00000000    0xafbc1 ./Application/User/Core/gpio.o
                              0xa7bdc (size before relaxing)
 .debug_str     0x000afbc1    0xac34b ./Application/User/Core/main.o
 .debug_str     0x000afbc1    0xa7b32 ./Application/User/Core/stm32g0xx_hal_msp.o
 .debug_str     0x000afbc1    0xa7a96 ./Application/User/Core/stm32g0xx_it.o
 .debug_str     0x000afbc1       0x94 ./Application/User/Startup/startup_stm32g0b1cbtx.o
 .debug_str     0x000afbc1    0xac633 ./Application/User/USB_Device/App/usb_device.o
 .debug_str     0x000afbc1    0xac672 ./Application/User/USB_Device/App/usbd_cdc_if.o
 .debug_str     0x000afbc1    0xac166 ./Application/User/USB_Device/App/usbd_desc.o
 .debug_str     0x000afbc1    0xad039 ./Application/User/USB_Device/Target/usbd_conf.o
 .debug_str     0x000afbc1    0xa7bbc ./Drivers/CMSIS/system_stm32g0xx.o
 .debug_str     0x000afbc1    0xa8412 ./Drivers/STM32G0xx_HAL_Driver/stm32g0xx_hal.o
 .debug_str     0x000afbc1    0xa804a ./Drivers/STM32G0xx_HAL_Driver/stm32g0xx_hal_cortex.o
 .debug_str     0x000afbc1    0xa7c9c ./Drivers/STM32G0xx_HAL_Driver/stm32g0xx_hal_gpio.o
 .debug_str     0x000afbc1    0xa8417 ./Drivers/STM32G0xx_HAL_Driver/stm32g0xx_hal_pcd.o
 .debug_str     0x000afbc1    0xa7fe8 ./Drivers/STM32G0xx_HAL_Driver/stm32g0xx_hal_pcd_ex.o
 .debug_str     0x000afbc1    0xa80bb ./Drivers/STM32G0xx_HAL_Driver/stm32g0xx_hal_pwr_ex.o
 .debug_str     0x000afbc1    0xa8305 ./Drivers/STM32G0xx_HAL_Driver/stm32g0xx_hal_rcc.o
 .debug_str     0x000afbc1    0xa8195 ./Drivers/STM32G0xx_HAL_Driver/stm32g0xx_hal_rcc_ex.o
 .debug_str     0x000afbc1    0xa81bf ./Drivers/STM32G0xx_HAL_Driver/stm32g0xx_ll_usb.o
 .debug_str     0x000afbc1    0xacbf2 ./Middlewares/USB_Device_Library/usbd_cdc.o
 .debug_str     0x000afbc1    0xac57f ./Middlewares/USB_Device_Library/usbd_core.o
 .debug_str     0x000afbc1    0xac3aa ./Middlewares/USB_Device_Library/usbd_ctlreq.o
 .debug_str     0x000afbc1    0xac27f ./Middlewares/USB_Device_Library/usbd_ioreq.o

.comment        0x00000000       0x43
 .comment       0x00000000       0x43 ./Application/User/Core/gpio.o
                                 0x44 (size before relaxing)
 .comment       0x00000043       0x44 ./Application/User/Core/main.o
 .comment       0x00000043       0x44 ./Application/User/Core/stm32g0xx_hal_msp.o
 .comment       0x00000043       0x44 ./Application/User/Core/stm32g0xx_it.o
 .comment       0x00000043       0x44 ./Application/User/USB_Device/App/usb_device.o
 .comment       0x00000043       0x44 ./Application/User/USB_Device/App/usbd_cdc_if.o
 .comment       0x00000043       0x44 ./Application/User/USB_Device/App/usbd_desc.o
 .comment       0x00000043       0x44 ./Application/User/USB_Device/Target/usbd_conf.o
 .comment       0x00000043       0x44 ./Drivers/CMSIS/system_stm32g0xx.o
 .comment       0x00000043       0x44 ./Drivers/STM32G0xx_HAL_Driver/stm32g0xx_hal.o
 .comment       0x00000043       0x44 ./Drivers/STM32G0xx_HAL_Driver/stm32g0xx_hal_cortex.o
 .comment       0x00000043       0x44 ./Drivers/STM32G0xx_HAL_Driver/stm32g0xx_hal_gpio.o
 .comment       0x00000043       0x44 ./Drivers/STM32G0xx_HAL_Driver/stm32g0xx_hal_pcd.o
 .comment       0x00000043       0x44 ./Drivers/STM32G0xx_HAL_Driver/stm32g0xx_hal_pcd_ex.o
 .comment       0x00000043       0x44 ./Drivers/STM32G0xx_HAL_Driver/stm32g0xx_hal_pwr_ex.o
 .comment       0x00000043       0x44 ./Drivers/STM32G0xx_HAL_Driver/stm32g0xx_hal_rcc.o
 .comment       0x00000043       0x44 ./Drivers/STM32G0xx_HAL_Driver/stm32g0xx_hal_rcc_ex.o
 .comment       0x00000043       0x44 ./Drivers/STM32G0xx_HAL_Driver/stm32g0xx_ll_usb.o
 .comment       0x00000043       0x44 ./Middlewares/USB_Device_Library/usbd_cdc.o
 .comment       0x00000043       0x44 ./Middlewares/USB_Device_Library/usbd_core.o
 .comment       0x00000043       0x44 ./Middlewares/USB_Device_Library/usbd_ctlreq.o
 .comment       0x00000043       0x44 ./Middlewares/USB_Device_Library/usbd_ioreq.o

.debug_frame    0x00000000     0x2b94
 .debug_frame   0x00000000       0x30 ./Application/User/Core/gpio.o
 .debug_frame   0x00000030       0x88 ./Application/User/Core/main.o
 .debug_frame   0x000000b8       0x30 ./Application/User/Core/stm32g0xx_hal_msp.o
 .debug_frame   0x000000e8       0x9c ./Application/User/Core/stm32g0xx_it.o
 .debug_frame   0x00000184       0x2c ./Application/User/USB_Device/App/usb_device.o
 .debug_frame   0x000001b0       0xcc ./Application/User/USB_Device/App/usbd_cdc_if.o
 .debug_frame   0x0000027c      0x130 ./Application/User/USB_Device/App/usbd_desc.o
 .debug_frame   0x000003ac      0x458 ./Application/User/USB_Device/Target/usbd_conf.o
 .debug_frame   0x00000804       0x4c ./Drivers/CMSIS/system_stm32g0xx.o
 .debug_frame   0x00000850      0x41c ./Drivers/STM32G0xx_HAL_Driver/stm32g0xx_hal.o
 .debug_frame   0x00000c6c      0x33c ./Drivers/STM32G0xx_HAL_Driver/stm32g0xx_hal_cortex.o
 .debug_frame   0x00000fa8      0x130 ./Drivers/STM32G0xx_HAL_Driver/stm32g0xx_hal_gpio.o
 .debug_frame   0x000010d8      0x500 ./Drivers/STM32G0xx_HAL_Driver/stm32g0xx_hal_pcd.o
 .debug_frame   0x000015d8      0x110 ./Drivers/STM32G0xx_HAL_Driver/stm32g0xx_hal_pcd_ex.o
 .debug_frame   0x000016e8      0x3f4 ./Drivers/STM32G0xx_HAL_Driver/stm32g0xx_hal_pwr_ex.o
 .debug_frame   0x00001adc      0x214 ./Drivers/STM32G0xx_HAL_Driver/stm32g0xx_hal_rcc.o
 .debug_frame   0x00001cf0      0x1c0 ./Drivers/STM32G0xx_HAL_Driver/stm32g0xx_hal_rcc_ex.o
 .debug_frame   0x00001eb0      0x47c ./Drivers/STM32G0xx_HAL_Driver/stm32g0xx_ll_usb.o
 .debug_frame   0x0000232c      0x1f0 ./Middlewares/USB_Device_Library/usbd_cdc.o
 .debug_frame   0x0000251c      0x320 ./Middlewares/USB_Device_Library/usbd_core.o
 .debug_frame   0x0000283c      0x1fc ./Middlewares/USB_Device_Library/usbd_ctlreq.o
 .debug_frame   0x00002a38       0xf0 ./Middlewares/USB_Device_Library/usbd_ioreq.o
 .debug_frame   0x00002b28       0x20 C:/ST/STM32CubeIDE_1.19.0/STM32CubeIDE/plugins/com.st.stm32cube.ide.mcu.externaltools.gnu-tools-for-stm32.13.3.rel1.win32_1.0.0.202411081344/tools/bin/../lib/gcc/arm-none-eabi/13.3.1/../../../../arm-none-eabi/lib/thumb/v6-m/nofp\libc_nano.a(libc_a-memset.o)
 .debug_frame   0x00002b48       0x2c C:/ST/STM32CubeIDE_1.19.0/STM32CubeIDE/plugins/com.st.stm32cube.ide.mcu.externaltools.gnu-tools-for-stm32.13.3.rel1.win32_1.0.0.202411081344/tools/bin/../lib/gcc/arm-none-eabi/13.3.1/../../../../arm-none-eabi/lib/thumb/v6-m/nofp\libc_nano.a(libc_a-init.o)
 .debug_frame   0x00002b74       0x20 C:/ST/STM32CubeIDE_1.19.0/STM32CubeIDE/plugins/com.st.stm32cube.ide.mcu.externaltools.gnu-tools-for-stm32.13.3.rel1.win32_1.0.0.202411081344/tools/bin/../lib/gcc/arm-none-eabi/13.3.1/thumb/v6-m/nofp\libgcc.a(_udivsi3.o)

.debug_line_str
                0x00000000       0x78
 .debug_line_str
                0x00000000       0x78 ./Application/User/Startup/startup_stm32g0b1cbtx.o
