Archive member included to satisfy reference by file (symbol)

C:/ST/STM32CubeIDE_1.19.0/STM32CubeIDE/plugins/com.st.stm32cube.ide.mcu.externaltools.gnu-tools-for-stm32.13.3.rel1.win32_1.0.0.202411081344/tools/bin/../lib/gcc/arm-none-eabi/13.3.1/../../../../arm-none-eabi/lib/thumb/v6-m/nofp\libc_nano.a(libc_a-exit.o)
                              C:/ST/STM32CubeIDE_1.19.0/STM32CubeIDE/plugins/com.st.stm32cube.ide.mcu.externaltools.gnu-tools-for-stm32.13.3.rel1.win32_1.0.0.202411081344/tools/bin/../lib/gcc/arm-none-eabi/13.3.1/../../../../arm-none-eabi/lib/thumb/v6-m/nofp/crt0.o (exit)
C:/ST/STM32CubeIDE_1.19.0/STM32CubeIDE/plugins/com.st.stm32cube.ide.mcu.externaltools.gnu-tools-for-stm32.13.3.rel1.win32_1.0.0.202411081344/tools/bin/../lib/gcc/arm-none-eabi/13.3.1/../../../../arm-none-eabi/lib/thumb/v6-m/nofp\libc_nano.a(libc_a-findfp.o)
                              C:/ST/STM32CubeIDE_1.19.0/STM32CubeIDE/plugins/com.st.stm32cube.ide.mcu.externaltools.gnu-tools-for-stm32.13.3.rel1.win32_1.0.0.202411081344/tools/bin/../lib/gcc/arm-none-eabi/13.3.1/../../../../arm-none-eabi/lib/thumb/v6-m/nofp\libc_nano.a(libc_a-exit.o) (__stdio_exit_handler)
C:/ST/STM32CubeIDE_1.19.0/STM32CubeIDE/plugins/com.st.stm32cube.ide.mcu.externaltools.gnu-tools-for-stm32.13.3.rel1.win32_1.0.0.202411081344/tools/bin/../lib/gcc/arm-none-eabi/13.3.1/../../../../arm-none-eabi/lib/thumb/v6-m/nofp\libc_nano.a(libc_a-fwalk.o)
                              C:/ST/STM32CubeIDE_1.19.0/STM32CubeIDE/plugins/com.st.stm32cube.ide.mcu.externaltools.gnu-tools-for-stm32.13.3.rel1.win32_1.0.0.202411081344/tools/bin/../lib/gcc/arm-none-eabi/13.3.1/../../../../arm-none-eabi/lib/thumb/v6-m/nofp\libc_nano.a(libc_a-findfp.o) (_fwalk_sglue)
C:/ST/STM32CubeIDE_1.19.0/STM32CubeIDE/plugins/com.st.stm32cube.ide.mcu.externaltools.gnu-tools-for-stm32.13.3.rel1.win32_1.0.0.202411081344/tools/bin/../lib/gcc/arm-none-eabi/13.3.1/../../../../arm-none-eabi/lib/thumb/v6-m/nofp\libc_nano.a(libc_a-stdio.o)
                              C:/ST/STM32CubeIDE_1.19.0/STM32CubeIDE/plugins/com.st.stm32cube.ide.mcu.externaltools.gnu-tools-for-stm32.13.3.rel1.win32_1.0.0.202411081344/tools/bin/../lib/gcc/arm-none-eabi/13.3.1/../../../../arm-none-eabi/lib/thumb/v6-m/nofp\libc_nano.a(libc_a-findfp.o) (__sread)
C:/ST/STM32CubeIDE_1.19.0/STM32CubeIDE/plugins/com.st.stm32cube.ide.mcu.externaltools.gnu-tools-for-stm32.13.3.rel1.win32_1.0.0.202411081344/tools/bin/../lib/gcc/arm-none-eabi/13.3.1/../../../../arm-none-eabi/lib/thumb/v6-m/nofp\libc_nano.a(libc_a-memset.o)
                              C:/ST/STM32CubeIDE_1.19.0/STM32CubeIDE/plugins/com.st.stm32cube.ide.mcu.externaltools.gnu-tools-for-stm32.13.3.rel1.win32_1.0.0.202411081344/tools/bin/../lib/gcc/arm-none-eabi/13.3.1/../../../../arm-none-eabi/lib/thumb/v6-m/nofp/crt0.o (memset)
C:/ST/STM32CubeIDE_1.19.0/STM32CubeIDE/plugins/com.st.stm32cube.ide.mcu.externaltools.gnu-tools-for-stm32.13.3.rel1.win32_1.0.0.202411081344/tools/bin/../lib/gcc/arm-none-eabi/13.3.1/../../../../arm-none-eabi/lib/thumb/v6-m/nofp\libc_nano.a(libc_a-closer.o)
                              C:/ST/STM32CubeIDE_1.19.0/STM32CubeIDE/plugins/com.st.stm32cube.ide.mcu.externaltools.gnu-tools-for-stm32.13.3.rel1.win32_1.0.0.202411081344/tools/bin/../lib/gcc/arm-none-eabi/13.3.1/../../../../arm-none-eabi/lib/thumb/v6-m/nofp\libc_nano.a(libc_a-stdio.o) (_close_r)
C:/ST/STM32CubeIDE_1.19.0/STM32CubeIDE/plugins/com.st.stm32cube.ide.mcu.externaltools.gnu-tools-for-stm32.13.3.rel1.win32_1.0.0.202411081344/tools/bin/../lib/gcc/arm-none-eabi/13.3.1/../../../../arm-none-eabi/lib/thumb/v6-m/nofp\libc_nano.a(libc_a-reent.o)
                              C:/ST/STM32CubeIDE_1.19.0/STM32CubeIDE/plugins/com.st.stm32cube.ide.mcu.externaltools.gnu-tools-for-stm32.13.3.rel1.win32_1.0.0.202411081344/tools/bin/../lib/gcc/arm-none-eabi/13.3.1/../../../../arm-none-eabi/lib/thumb/v6-m/nofp\libc_nano.a(libc_a-closer.o) (errno)
C:/ST/STM32CubeIDE_1.19.0/STM32CubeIDE/plugins/com.st.stm32cube.ide.mcu.externaltools.gnu-tools-for-stm32.13.3.rel1.win32_1.0.0.202411081344/tools/bin/../lib/gcc/arm-none-eabi/13.3.1/../../../../arm-none-eabi/lib/thumb/v6-m/nofp\libc_nano.a(libc_a-impure.o)
                              C:/ST/STM32CubeIDE_1.19.0/STM32CubeIDE/plugins/com.st.stm32cube.ide.mcu.externaltools.gnu-tools-for-stm32.13.3.rel1.win32_1.0.0.202411081344/tools/bin/../lib/gcc/arm-none-eabi/13.3.1/../../../../arm-none-eabi/lib/thumb/v6-m/nofp\libc_nano.a(libc_a-reent.o) (_impure_ptr)
C:/ST/STM32CubeIDE_1.19.0/STM32CubeIDE/plugins/com.st.stm32cube.ide.mcu.externaltools.gnu-tools-for-stm32.13.3.rel1.win32_1.0.0.202411081344/tools/bin/../lib/gcc/arm-none-eabi/13.3.1/../../../../arm-none-eabi/lib/thumb/v6-m/nofp\libc_nano.a(libc_a-lseekr.o)
[...]
Memory Configuration

Name             Origin             Length             Attributes
RAM              0x20000000         0x00024000         xrw
FLASH            0x08000000         0x00020000         xr
*default*        0x00000000         0xffffffff

Linker script and memory map

LOAD C:/ST/STM32CubeIDE_1.19.0/STM32CubeIDE/plugins/com.st.stm32cube.ide.mcu.externaltools.gnu-tools-for-stm32.13.3.rel1.win32_1.0.0.202411081344/tools/bin/../lib/gcc/arm-none-eabi/13.3.1/thumb/v6-m/nofp/crti.o
LOAD C:/ST/STM32CubeIDE_1.19.0/STM32CubeIDE/plugins/com.st.stm32cube.ide.mcu.externaltools.gnu-tools-for-stm32.13.3.rel1.win32_1.0.0.202411081344/tools/bin/../lib/gcc/arm-none-eabi/13.3.1/thumb/v6-m/nofp/crtbegin.o
LOAD C:/ST/STM32CubeIDE_1.19.0/STM32CubeIDE/plugins/com.st.stm32cube.ide.mcu.externaltools.gnu-tools-for-stm32.13.3.rel1.win32_1.0.0.202411081344/tools/bin/../lib/gcc/arm-none-eabi/13.3.1/../../../../arm-none-eabi/lib/thumb/v6-m/nofp/crt0.o
LOAD ./Application/User/Core/gpio.o
LOAD ./Application/User/Core/main.o
LOAD ./Application/User/Core/stm32g0xx_hal_msp.o
LOAD ./Application/User/Core/stm32g0xx_it.o
LOAD ./Application/User/Core/syscalls.o
LOAD ./Application/User/Core/sysmem.o
LOAD ./Application/User/Startup/startup_stm32g0b1cbtx.o
LOAD ./Drivers/CMSIS/system_stm32g0xx.o
LOAD ./Drivers/STM32G0xx_HAL_Driver/stm32g0xx_hal.o
LOAD ./Drivers/STM32G0xx_HAL_Driver/stm32g0xx_hal_cortex.o
LOAD ./Drivers/STM32G0xx_HAL_Driver/stm32g0xx_hal_dma.o
LOAD ./Drivers/STM32G0xx_HAL_Driver/stm32g0xx_hal_dma_ex.o
LOAD ./Drivers/STM32G0xx_HAL_Driver/stm32g0xx_hal_exti.o
LOAD ./Drivers/STM32G0xx_HAL_Driver/stm32g0xx_hal_flash.o
LOAD ./Drivers/STM32G0xx_HAL_Driver/stm32g0xx_hal_flash_ex.o
LOAD ./Drivers/STM32G0xx_HAL_Driver/stm32g0xx_hal_gpio.o
LOAD ./Drivers/STM32G0xx_HAL_Driver/stm32g0xx_hal_pwr.o
LOAD ./Drivers/STM32G0xx_HAL_Driver/stm32g0xx_hal_pwr_ex.o
LOAD ./Drivers/STM32G0xx_HAL_Driver/stm32g0xx_hal_rcc.o
LOAD ./Drivers/STM32G0xx_HAL_Driver/stm32g0xx_hal_rcc_ex.o
LOAD ./Drivers/STM32G0xx_HAL_Driver/stm32g0xx_ll_rcc.o
START GROUP
LOAD C:/ST/STM32CubeIDE_1.19.0/STM32CubeIDE/plugins/com.st.stm32cube.ide.mcu.externaltools.gnu-tools-for-stm32.13.3.rel1.win32_1.0.0.202411081344/tools/bin/../lib/gcc/arm-none-eabi/13.3.1/../../../../arm-none-eabi/lib/thumb/v6-m/nofp\libc_nano.a
LOAD C:/ST/STM32CubeIDE_1.19.0/STM32CubeIDE/plugins/com.st.stm32cube.ide.mcu.externaltools.gnu-tools-for-stm32.13.3.rel1.win32_1.0.0.202411081344/tools/bin/../lib/gcc/arm-none-eabi/13.3.1/../../../../arm-none-eabi/lib/thumb/v6-m/nofp\libm.a
END GROUP
START GROUP
LOAD C:/ST/STM32CubeIDE_1.19.0/STM32CubeIDE/plugins/com.st.stm32cube.ide.mcu.externaltools.gnu-tools-for-stm32.13.3.rel1.win32_1.0.0.202411081344/tools/bin/../lib/gcc/arm-none-eabi/13.3.1/thumb/v6-m/nofp\libgcc.a
LOAD C:/ST/STM32CubeIDE_1.19.0/STM32CubeIDE/plugins/com.st.stm32cube.ide.mcu.externaltools.gnu-tools-for-stm32.13.3.rel1.win32_1.0.0.202411081344/tools/bin/../lib/gcc/arm-none-eabi/13.3.1/../../../../arm-none-eabi/lib/thumb/v6-m/nofp\libc_nano.a
END GROUP
START GROUP
LOAD C:/ST/STM32CubeIDE_1.19.0/STM32CubeIDE/plugins/com.st.stm32cube.ide.mcu.externaltools.gnu-tools-for-stm32.13.3.rel1.win32_1.0.0.202411081344/tools/bin/../lib/gcc/arm-none-eabi/13.3.1/thumb/v6-m/nofp\libgcc.a
LOAD C:/ST/STM32CubeIDE_1.19.0/STM32CubeIDE/plugins/com.st.stm32cube.ide.mcu.externaltools.gnu-tools-for-stm32.13.3.rel1.win32_1.0.0.202411081344/tools/bin/../lib/gcc/arm-none-eabi/13.3.1/../../../../arm-none-eabi/lib/thumb/v6-m/nofp\libc_nano.a
LOAD C:/ST/STM32CubeIDE_1.19.0/STM32CubeIDE/plugins/com.st.stm32cube.ide.mcu.externaltools.gnu-tools-for-stm32.13.3.rel1.win32_1.0.0.202411081344/tools/bin/../lib/gcc/arm-none-eabi/13.3.1/../../../../arm-none-eabi/lib/thumb/v6-m/nofp\libnosys.a
END GROUP
START GROUP
LOAD C:/ST/STM32CubeIDE_1.19.0/STM32CubeIDE/plugins/com.st.stm32cube.ide.mcu.externaltools.gnu-tools-for-stm32.13.3.rel1.win32_1.0.0.202411081344/tools/bin/../lib/gcc/arm-none-eabi/13.3.1/thumb/v6-m/nofp\libgcc.a
LOAD C:/ST/STM32CubeIDE_1.19.0/STM32CubeIDE/plugins/com.st.stm32cube.ide.mcu.externaltools.gnu-tools-for-stm32.13.3.rel1.win32_1.0.0.202411081344/tools/bin/../lib/gcc/arm-none-eabi/13.3.1/../../../../arm-none-eabi/lib/thumb/v6-m/nofp\libc_nano.a
LOAD C:/ST/STM32CubeIDE_1.19.0/STM32CubeIDE/plugins/com.st.stm32cube.ide.mcu.externaltools.gnu-tools-for-stm32.13.3.rel1.win32_1.0.0.202411081344/tools/bin/../lib/gcc/arm-none-eabi/13.3.1/../../../../arm-none-eabi/lib/thumb/v6-m/nofp\libnosys.a
END GROUP
LOAD C:/ST/STM32CubeIDE_1.19.0/STM32CubeIDE/plugins/com.st.stm32cube.ide.mcu.externaltools.gnu-tools-for-stm32.13.3.rel1.win32_1.0.0.202411081344/tools/bin/../lib/gcc/arm-none-eabi/13.3.1/thumb/v6-m/nofp/crtend.o
LOAD C:/ST/STM32CubeIDE_1.19.0/STM32CubeIDE/plugins/com.st.stm32cube.ide.mcu.externaltools.gnu-tools-for-stm32.13.3.rel1.win32_1.0.0.202411081344/tools/bin/../lib/gcc/arm-none-eabi/13.3.1/thumb/v6-m/nofp/crtn.o
                0x20024000                        _estack = (ORIGIN (RAM) + LENGTH (RAM))
                0x00000200                        _Min_Heap_Size = 0x200
                0x00000400                        _Min_Stack_Size = 0x400

.isr_vector     0x08000000       0xbc
                0x08000000                        . = ALIGN (0x4)
 *(.isr_vector)
 .isr_vector    0x08000000       0xbc ./Application/User/Startup/startup_stm32g0b1cbtx.o
                0x08000000                g_pfnVectors
                0x080000bc                        . = ALIGN (0x4)

.text           0x080000bc     0x14a4
                0x080000bc                        . = ALIGN (0x4)
 *(.text)
 .text          0x080000bc       0x48 C:/ST/STM32CubeIDE_1.19.0/STM32CubeIDE/plugins/com.st.stm32cube.ide.mcu.externaltools.gnu-tools-for-stm32.13.3.rel1.win32_1.0.0.202411081344/tools/bin/../lib/gcc/arm-none-eabi/13.3.1/thumb/v6-m/nofp/crtbegin.o
 .text          0x08000104      0x114 C:/ST/STM32CubeIDE_1.19.0/STM32CubeIDE/plugins/com.st.stm32cube.ide.mcu.externaltools.gnu-tools-for-stm32.13.3.rel1.win32_1.0.0.202411081344/tools/bin/../lib/gcc/arm-none-eabi/13.3.1/thumb/v6-m/nofp\libgcc.a(_udivsi3.o)
                0x08000104                __aeabi_uidiv
                0x08000104                __udivsi3
                0x08000210                __aeabi_uidivmod
 .text          0x08000218        0x4 C:/ST/STM32CubeIDE_1.19.0/STM32CubeIDE/plugins/com.st.stm32cube.ide.mcu.externaltools.gnu-tools-for-stm32.13.3.rel1.win32_1.0.0.202411081344/tools/bin/../lib/gcc/arm-none-eabi/13.3.1/thumb/v6-m/nofp\libgcc.a(_dvmd_tls.o)
                0x08000218                __aeabi_idiv0
                0x08000218                __aeabi_ldiv0
 *(.text*)
 .text.MX_GPIO_Init
                0x0800021c       0x6c ./Application/User/Core/gpio.o
                0x0800021c                MX_GPIO_Init
 .text.main     0x08000288       0x2c ./Application/User/Core/main.o
                0x08000288                main
 .text.SystemClock_Config
                0x080002b4       0xbc ./Application/User/Core/main.o
                0x080002b4                SystemClock_Config
 .text.Error_Handler
                0x08000370        0xc ./Application/User/Core/main.o
                0x08000370                Error_Handler
 .text.HAL_MspInit
                0x0800037c       0x50 ./Application/User/Core/stm32g0xx_hal_msp.o
                0x0800037c                HAL_MspInit
 .text.NMI_Handler
                0x080003cc        0x8 ./Application/User/Core/stm32g0xx_it.o
                0x080003cc                NMI_Handler
 .text.HardFault_Handler
                0x080003d4        0x8 ./Application/User/Core/stm32g0xx_it.o
                0x080003d4                HardFault_Handler
 .text.SVC_Handler
                0x080003dc        0xa ./Application/User/Core/stm32g0xx_it.o
                0x080003dc                SVC_Handler
 .text.PendSV_Handler
                0x080003e6        0xa ./Application/User/Core/stm32g0xx_it.o
                0x080003e6                PendSV_Handler
 .text.SysTick_Handler
                0x080003f0        0xe ./Application/User/Core/stm32g0xx_it.o
                0x080003f0                SysTick_Handler
 *fill*         0x080003fe        0x2 
 .text.Reset_Handler
                0x08000400       0x50 ./Application/User/Startup/startup_stm32g0b1cbtx.o
                0x08000400                Reset_Handler
 .text.Default_Handler
                0x08000450        0x2 ./Application/User/Startup/startup_stm32g0b1cbtx.o
                0x08000450                I2C2_3_IRQHandler
                0x08000450                USART3_4_5_6_LPUART1_IRQHandler
                0x08000450                TIM1_CC_IRQHandler
                0x08000450                ADC1_COMP_IRQHandler
                0x08000450                I2C1_IRQHandler
                0x08000450                TIM7_LPTIM2_IRQHandler
                0x08000450                TIM17_FDCAN_IT1_IRQHandler
                0x08000450                DMA1_Ch4_7_DMA2_Ch1_5_DMAMUX1_OVR_IRQHandler
                0x08000450                RCC_CRS_IRQHandler
                0x08000450                RTC_TAMP_IRQHandler
                0x08000450                SPI1_IRQHandler
                0x08000450                USB_UCPD1_2_IRQHandler
                0x08000450                EXTI2_3_IRQHandler
                0x08000450                USART2_LPUART2_IRQHandler
                0x08000450                PVD_VDDIO2_IRQHandler
                0x08000450                EXTI4_15_IRQHandler
                0x08000450                DMA1_Channel1_IRQHandler
                0x08000450                Default_Handler
                0x08000450                CEC_IRQHandler
                0x08000450                TIM14_IRQHandler
                0x08000450                TIM15_IRQHandler
                0x08000450                TIM3_TIM4_IRQHandler
                0x08000450                EXTI0_1_IRQHandler
                0x08000450                SPI2_3_IRQHandler
                0x08000450                TIM6_DAC_LPTIM1_IRQHandler
                0x08000450                WWDG_IRQHandler
                0x08000450                TIM2_IRQHandler
                0x08000450                DMA1_Channel2_3_IRQHandler
                0x08000450                FLASH_IRQHandler
                0x08000450                USART1_IRQHandler
                0x08000450                TIM16_FDCAN_IT0_IRQHandler
                0x08000450                TIM1_BRK_UP_TRG_COM_IRQHandler
 *fill*         0x08000452        0x2 
 .text.SystemInit
                0x08000454       0x18 ./Drivers/CMSIS/system_stm32g0xx.o
                0x08000454                SystemInit
 .text.HAL_Init
                0x0800046c       0x40 ./Drivers/STM32G0xx_HAL_Driver/stm32g0xx_hal.o
                0x0800046c                HAL_Init
 .text.HAL_InitTick
                0x080004ac       0x94 ./Drivers/STM32G0xx_HAL_Driver/stm32g0xx_hal.o
                0x080004ac                HAL_InitTick
 .text.HAL_IncTick
                0x08000540       0x24 ./Drivers/STM32G0xx_HAL_Driver/stm32g0xx_hal.o
                0x08000540                HAL_IncTick
 .text.HAL_GetTick
                0x08000564       0x14 ./Drivers/STM32G0xx_HAL_Driver/stm32g0xx_hal.o
                0x08000564                HAL_GetTick
 .text.HAL_Delay
                0x08000578       0x48 ./Drivers/STM32G0xx_HAL_Driver/stm32g0xx_hal.o
                0x08000578                HAL_Delay
 .text.HAL_SYSCFG_StrobeDBattpinsConfig
                0x080005c0       0x2c ./Drivers/STM32G0xx_HAL_Driver/stm32g0xx_hal.o
                0x080005c0                HAL_SYSCFG_StrobeDBattpinsConfig
 .text.__NVIC_SetPriority
                0x080005ec       0xdc ./Drivers/STM32G0xx_HAL_Driver/stm32g0xx_hal_cortex.o
 .text.SysTick_Config
                0x080006c8       0x48 ./Drivers/STM32G0xx_HAL_Driver/stm32g0xx_hal_cortex.o
 .text.HAL_NVIC_SetPriority
                0x08000710       0x2a ./Drivers/STM32G0xx_HAL_Driver/stm32g0xx_hal_cortex.o
                0x08000710                HAL_NVIC_SetPriority
 .text.HAL_SYSTICK_Config
                0x0800073a       0x1a ./Drivers/STM32G0xx_HAL_Driver/stm32g0xx_hal_cortex.o
                0x0800073a                HAL_SYSTICK_Config
 .text.HAL_GPIO_Init
                0x08000754      0x2d8 ./Drivers/STM32G0xx_HAL_Driver/stm32g0xx_hal_gpio.o
                0x08000754                HAL_GPIO_Init
 .text.HAL_GPIO_WritePin
                0x08000a2c       0x3a ./Drivers/STM32G0xx_HAL_Driver/stm32g0xx_hal_gpio.o
                0x08000a2c                HAL_GPIO_WritePin
 .text.HAL_GPIO_TogglePin
                0x08000a66       0x36 ./Drivers/STM32G0xx_HAL_Driver/stm32g0xx_hal_gpio.o
                0x08000a66                HAL_GPIO_TogglePin
 .text.HAL_PWREx_ControlVoltageScaling
                0x08000a9c       0x80 ./Drivers/STM32G0xx_HAL_Driver/stm32g0xx_hal_pwr_ex.o
                0x08000a9c                HAL_PWREx_ControlVoltageScaling
 .text.HAL_RCC_OscConfig
                0x08000b1c      0x6c0 ./Drivers/STM32G0xx_HAL_Driver/stm32g0xx_hal_rcc.o
                0x08000b1c                HAL_RCC_OscConfig
 .text.HAL_RCC_ClockConfig
                0x080011dc      0x210 ./Drivers/STM32G0xx_HAL_Driver/stm32g0xx_hal_rcc.o
                0x080011dc                HAL_RCC_ClockConfig
 .text.HAL_RCC_GetSysClockFreq
                0x080013ec      0x104 ./Drivers/STM32G0xx_HAL_Driver/stm32g0xx_hal_rcc.o
                0x080013ec                HAL_RCC_GetSysClockFreq
 .text.memset   0x080014f0       0x10 C:/ST/STM32CubeIDE_1.19.0/STM32CubeIDE/plugins/com.st.stm32cube.ide.mcu.externaltools.gnu-tools-for-stm32.13.3.rel1.win32_1.0.0.202411081344/tools/bin/../lib/gcc/arm-none-eabi/13.3.1/../../../../arm-none-eabi/lib/thumb/v6-m/nofp\libc_nano.a(libc_a-memset.o)
                0x080014f0                memset
 .text.__libc_init_array
                0x08001500       0x48 C:/ST/STM32CubeIDE_1.19.0/STM32CubeIDE/plugins/com.st.stm32cube.ide.mcu.externaltools.gnu-tools-for-stm32.13.3.rel1.win32_1.0.0.202411081344/tools/bin/../lib/gcc/arm-none-eabi/13.3.1/../../../../arm-none-eabi/lib/thumb/v6-m/nofp\libc_nano.a(libc_a-init.o)
                0x08001500                __libc_init_array
 *(.glue_7)
 .glue_7        0x08001548        0x0 linker stubs
 *(.glue_7t)
 .glue_7t       0x08001548        0x0 linker stubs
 *(.eh_frame)
 .eh_frame      0x08001548        0x0 C:/ST/STM32CubeIDE_1.19.0/STM32CubeIDE/plugins/com.st.stm32cube.ide.mcu.externaltools.gnu-tools-for-stm32.13.3.rel1.win32_1.0.0.202411081344/tools/bin/../lib/gcc/arm-none-eabi/13.3.1/thumb/v6-m/nofp/crtbegin.o
 *(.init)
 .init          0x08001548        0x4 C:/ST/STM32CubeIDE_1.19.0/STM32CubeIDE/plugins/com.st.stm32cube.ide.mcu.externaltools.gnu-tools-for-stm32.13.3.rel1.win32_1.0.0.202411081344/tools/bin/../lib/gcc/arm-none-eabi/13.3.1/thumb/v6-m/nofp/crti.o
                0x08001548                _init
 .init          0x0800154c        0x8 C:/ST/STM32CubeIDE_1.19.0/STM32CubeIDE/plugins/com.st.stm32cube.ide.mcu.externaltools.gnu-tools-for-stm32.13.3.rel1.win32_1.0.0.202411081344/tools/bin/../lib/gcc/arm-none-eabi/13.3.1/thumb/v6-m/nofp/crtn.o
 *(.fini)
 .fini          0x08001554        0x4 C:/ST/STM32CubeIDE_1.19.0/STM32CubeIDE/plugins/com.st.stm32cube.ide.mcu.externaltools.gnu-tools-for-stm32.13.3.rel1.win32_1.0.0.202411081344/tools/bin/../lib/gcc/arm-none-eabi/13.3.1/thumb/v6-m/nofp/crti.o
                0x08001554                _fini
 .fini          0x08001558        0x8 C:/ST/STM32CubeIDE_1.19.0/STM32CubeIDE/plugins/com.st.stm32cube.ide.mcu.externaltools.gnu-tools-for-stm32.13.3.rel1.win32_1.0.0.202411081344/tools/bin/../lib/gcc/arm-none-eabi/13.3.1/thumb/v6-m/nofp/crtn.o
                0x08001560                        . = ALIGN (0x4)
                0x08001560                        _etext = .

.vfp11_veneer   0x08001560        0x0
 .vfp11_veneer  0x08001560        0x0 linker stubs

.v4_bx          0x08001560        0x0
 .v4_bx         0x08001560        0x0 linker stubs

.iplt           0x08001560        0x0
 .iplt          0x08001560        0x0 C:/ST/STM32CubeIDE_1.19.0/STM32CubeIDE/plugins/com.st.stm32cube.ide.mcu.externaltools.gnu-tools-for-stm32.13.3.rel1.win32_1.0.0.202411081344/tools/bin/../lib/gcc/arm-none-eabi/13.3.1/thumb/v6-m/nofp/crtbegin.o

.rodata         0x08001560       0x40
                0x08001560                        . = ALIGN (0x4)
 *(.rodata)
 *(.rodata*)
 .rodata.AHBPrescTable
                0x08001560       0x40 ./Drivers/CMSIS/system_stm32g0xx.o
                0x08001560                AHBPrescTable
                0x080015a0                        . = ALIGN (0x4)

.ARM.extab      0x080015a0        0x0
                0x080015a0                        . = ALIGN (0x4)
 *(.ARM.extab* .gnu.linkonce.armextab.*)
                0x080015a0                        . = ALIGN (0x4)

.ARM            0x080015a0        0x0
                0x080015a0                        . = ALIGN (0x4)
                0x080015a0                        __exidx_start = .
 *(.ARM.exidx*)
                0x080015a0                        __exidx_end = .
                0x080015a0                        . = ALIGN (0x4)

.preinit_array  0x080015a0        0x0
                0x080015a0                        . = ALIGN (0x4)
                0x080015a0                        PROVIDE (__preinit_array_start = .)
 *(.preinit_array*)
                0x080015a0                        PROVIDE (__preinit_array_end = .)
                0x080015a0                        . = ALIGN (0x4)

.init_array     0x080015a0        0x4
                0x080015a0                        . = ALIGN (0x4)
                0x080015a0                        PROVIDE (__init_array_start = .)
 *(SORT_BY_NAME(.init_array.*))
 *(.init_array*)
 .init_array    0x080015a0        0x4 C:/ST/STM32CubeIDE_1.19.0/STM32CubeIDE/plugins/com.st.stm32cube.ide.mcu.externaltools.gnu-tools-for-stm32.13.3.rel1.win32_1.0.0.202411081344/tools/bin/../lib/gcc/arm-none-eabi/13.3.1/thumb/v6-m/nofp/crtbegin.o
                0x080015a4                        PROVIDE (__init_array_end = .)
                0x080015a4                        . = ALIGN (0x4)

.fini_array     0x080015a4        0x4
                0x080015a4                        . = ALIGN (0x4)
                [!provide]                        PROVIDE (__fini_array_start = .)
 *(SORT_BY_NAME(.fini_array.*))
 *(.fini_array*)
 .fini_array    0x080015a4        0x4 C:/ST/STM32CubeIDE_1.19.0/STM32CubeIDE/plugins/com.st.stm32cube.ide.mcu.externaltools.gnu-tools-for-stm32.13.3.rel1.win32_1.0.0.202411081344/tools/bin/../lib/gcc/arm-none-eabi/13.3.1/thumb/v6-m/nofp/crtbegin.o
                [!provide]                        PROVIDE (__fini_array_end = .)
                0x080015a8                        . = ALIGN (0x4)
                0x080015a8                        _sidata = LOADADDR (.data)

.rel.dyn        0x080015a8        0x0
 .rel.iplt      0x080015a8        0x0 C:/ST/STM32CubeIDE_1.19.0/STM32CubeIDE/plugins/com.st.stm32cube.ide.mcu.externaltools.gnu-tools-for-stm32.13.3.rel1.win32_1.0.0.202411081344/tools/bin/../lib/gcc/arm-none-eabi/13.3.1/thumb/v6-m/nofp/crtbegin.o

.data           0x20000000        0xc load address 0x080015a8
                0x20000000                        . = ALIGN (0x4)
                0x20000000                        _sdata = .
 *(.data)
 *(.data*)
 .data.SystemCoreClock
                0x20000000        0x4 ./Drivers/CMSIS/system_stm32g0xx.o
                0x20000000                SystemCoreClock
 .data.uwTickPrio
                0x20000004        0x4 ./Drivers/STM32G0xx_HAL_Driver/stm32g0xx_hal.o
                0x20000004                uwTickPrio
 .data.uwTickFreq
                0x20000008        0x1 ./Drivers/STM32G0xx_HAL_Driver/stm32g0xx_hal.o
                0x20000008                uwTickFreq
 *(.RamFunc)
 *(.RamFunc*)
                0x2000000c                        . = ALIGN (0x4)
 *fill*         0x20000009        0x3 
                0x2000000c                        _edata = .

.igot.plt       0x2000000c        0x0 load address 0x080015b4
 .igot.plt      0x2000000c        0x0 C:/ST/STM32CubeIDE_1.19.0/STM32CubeIDE/plugins/com.st.stm32cube.ide.mcu.externaltools.gnu-tools-for-stm32.13.3.rel1.win32_1.0.0.202411081344/tools/bin/../lib/gcc/arm-none-eabi/13.3.1/thumb/v6-m/nofp/crtbegin.o
                0x2000000c                        . = ALIGN (0x4)

.bss            0x2000000c       0x20 load address 0x080015b4
                0x2000000c                        _sbss = .
                0x2000000c                        __bss_start__ = _sbss
 *(.bss)
 .bss           0x2000000c       0x1c C:/ST/STM32CubeIDE_1.19.0/STM32CubeIDE/plugins/com.st.stm32cube.ide.mcu.externaltools.gnu-tools-for-stm32.13.3.rel1.win32_1.0.0.202411081344/tools/bin/../lib/gcc/arm-none-eabi/13.3.1/thumb/v6-m/nofp/crtbegin.o
 *(.bss*)
 .bss.uwTick    0x20000028        0x4 ./Drivers/STM32G0xx_HAL_Driver/stm32g0xx_hal.o
                0x20000028                uwTick
 *(COMMON)
                0x2000002c                        . = ALIGN (0x4)
                0x2000002c                        _ebss = .
                0x2000002c                        __bss_end__ = _ebss

._user_heap_stack
                0x2000002c      0x604 load address 0x080015b4
                0x20000030                        . = ALIGN (0x8)
 *fill*         0x2000002c        0x4 
                [!provide]                        PROVIDE (end = .)
                0x20000030                        PROVIDE (_end = .)
                0x20000230                        . = (. + _Min_Heap_Size)
 *fill*         0x20000030      0x200 
                0x20000630                        . = (. + _Min_Stack_Size)
 *fill*         0x20000230      0x400 
                0x20000630                        . = ALIGN (0x8)

/DISCARD/
 libc.a(*)
 libm.a(*)
 libgcc.a(*)

.ARM.attributes
                0x00000000       0x28
 *(.ARM.attributes)
 .ARM.attributes
                0x00000000       0x1e C:/ST/STM32CubeIDE_1.19.0/STM32CubeIDE/plugins/com.st.stm32cube.ide.mcu.externaltools.gnu-tools-for-stm32.13.3.rel1.win32_1.0.0.202411081344/tools/bin/../lib/gcc/arm-none-eabi/13.3.1/thumb/v6-m/nofp/crti.o
 .ARM.attributes
                0x0000001e       0x2c C:/ST/STM32CubeIDE_1.19.0/STM32CubeIDE/plugins/com.st.stm32cube.ide.mcu.externaltools.gnu-tools-for-stm32.13.3.rel1.win32_1.0.0.202411081344/tools/bin/../lib/gcc/arm-none-eabi/13.3.1/thumb/v6-m/nofp/crtbegin.o
 .ARM.attributes
                0x0000004a       0x2c ./Application/User/Core/gpio.o
 .ARM.attributes
                0x00000076       0x2c ./Application/User/Core/main.o
 .ARM.attributes
                0x000000a2       0x2c ./Application/User/Core/stm32g0xx_hal_msp.o
 .ARM.attributes
                0x000000ce       0x2c ./Application/User/Core/stm32g0xx_it.o
 .ARM.attributes
                0x000000fa       0x22 ./Application/User/Startup/startup_stm32g0b1cbtx.o
 .ARM.attributes
                0x0000011c       0x2c ./Drivers/CMSIS/system_stm32g0xx.o
 .ARM.attributes
                0x00000148       0x2c ./Drivers/STM32G0xx_HAL_Driver/stm32g0xx_hal.o
 .ARM.attributes
                0x00000174       0x2c ./Drivers/STM32G0xx_HAL_Driver/stm32g0xx_hal_cortex.o
 .ARM.attributes
                0x000001a0       0x2c ./Drivers/STM32G0xx_HAL_Driver/stm32g0xx_hal_gpio.o
 .ARM.attributes
                0x000001cc       0x2c ./Drivers/STM32G0xx_HAL_Driver/stm32g0xx_hal_pwr_ex.o
 .ARM.attributes
                0x000001f8       0x2c ./Drivers/STM32G0xx_HAL_Driver/stm32g0xx_hal_rcc.o
 .ARM.attributes
                0x00000224       0x2c C:/ST/STM32CubeIDE_1.19.0/STM32CubeIDE/plugins/com.st.stm32cube.ide.mcu.externaltools.gnu-tools-for-stm32.13.3.rel1.win32_1.0.0.202411081344/tools/bin/../lib/gcc/arm-none-eabi/13.3.1/../../../../arm-none-eabi/lib/thumb/v6-m/nofp\libc_nano.a(libc_a-memset.o)
 .ARM.attributes
                0x00000250       0x2c C:/ST/STM32CubeIDE_1.19.0/STM32CubeIDE/plugins/com.st.stm32cube.ide.mcu.externaltools.gnu-tools-for-stm32.13.3.rel1.win32_1.0.0.202411081344/tools/bin/../lib/gcc/arm-none-eabi/13.3.1/../../../../arm-none-eabi/lib/thumb/v6-m/nofp\libc_nano.a(libc_a-init.o)
 .ARM.attributes
                0x0000027c       0x1e C:/ST/STM32CubeIDE_1.19.0/STM32CubeIDE/plugins/com.st.stm32cube.ide.mcu.externaltools.gnu-tools-for-stm32.13.3.rel1.win32_1.0.0.202411081344/tools/bin/../lib/gcc/arm-none-eabi/13.3.1/thumb/v6-m/nofp\libgcc.a(_udivsi3.o)
 .ARM.attributes
                0x0000029a       0x1e C:/ST/STM32CubeIDE_1.19.0/STM32CubeIDE/plugins/com.st.stm32cube.ide.mcu.externaltools.gnu-tools-for-stm32.13.3.rel1.win32_1.0.0.202411081344/tools/bin/../lib/gcc/arm-none-eabi/13.3.1/thumb/v6-m/nofp\libgcc.a(_dvmd_tls.o)
 .ARM.attributes
                0x000002b8       0x1e C:/ST/STM32CubeIDE_1.19.0/STM32CubeIDE/plugins/com.st.stm32cube.ide.mcu.externaltools.gnu-tools-for-stm32.13.3.rel1.win32_1.0.0.202411081344/tools/bin/../lib/gcc/arm-none-eabi/13.3.1/thumb/v6-m/nofp/crtn.o
OUTPUT(Test_G0.elf elf32-littlearm)
LOAD linker stubs
LOAD C:/ST/STM32CubeIDE_1.19.0/STM32CubeIDE/plugins/com.st.stm32cube.ide.mcu.externaltools.gnu-tools-for-stm32.13.3.rel1.win32_1.0.0.202411081344/tools/bin/../lib/gcc/arm-none-eabi/13.3.1/../../../../arm-none-eabi/lib/thumb/v6-m/nofp\libc.a
LOAD C:/ST/STM32CubeIDE_1.19.0/STM32CubeIDE/plugins/com.st.stm32cube.ide.mcu.externaltools.gnu-tools-for-stm32.13.3.rel1.win32_1.0.0.202411081344/tools/bin/../lib/gcc/arm-none-eabi/13.3.1/../../../../arm-none-eabi/lib/thumb/v6-m/nofp\libm.a
LOAD C:/ST/STM32CubeIDE_1.19.0/STM32CubeIDE/plugins/com.st.stm32cube.ide.mcu.externaltools.gnu-tools-for-stm32.13.3.rel1.win32_1.0.0.202411081344/tools/bin/../lib/gcc/arm-none-eabi/13.3.1/thumb/v6-m/nofp\libgcc.a

.debug_info     0x00000000     0x3db1
 .debug_info    0x00000000      0x3bd ./Application/User/Core/gpio.o
 .debug_info    0x000003bd      0x445 ./Application/User/Core/main.o
 .debug_info    0x00000802      0x278 ./Application/User/Core/stm32g0xx_hal_msp.o
 .debug_info    0x00000a7a      0x117 ./Application/User/Core/stm32g0xx_it.o
 .debug_info    0x00000b91       0x30 ./Application/User/Startup/startup_stm32g0b1cbtx.o
 .debug_info    0x00000bc1      0x3f4 ./Drivers/CMSIS/system_stm32g0xx.o
 .debug_info    0x00000fb5      0xafa ./Drivers/STM32G0xx_HAL_Driver/stm32g0xx_hal.o
 .debug_info    0x00001aaf      0x8d9 ./Drivers/STM32G0xx_HAL_Driver/stm32g0xx_hal_cortex.o
 .debug_info    0x00002388      0x5d9 ./Drivers/STM32G0xx_HAL_Driver/stm32g0xx_hal_gpio.o
 .debug_info    0x00002961      0x8b5 ./Drivers/STM32G0xx_HAL_Driver/stm32g0xx_hal_pwr_ex.o
 .debug_info    0x00003216      0xb9b ./Drivers/STM32G0xx_HAL_Driver/stm32g0xx_hal_rcc.o

.debug_abbrev   0x00000000     0x11a9
 .debug_abbrev  0x00000000      0x14d ./Application/User/Core/gpio.o
 .debug_abbrev  0x0000014d      0x1a4 ./Application/User/Core/main.o
 .debug_abbrev  0x000002f1       0xf9 ./Application/User/Core/stm32g0xx_hal_msp.o
 .debug_abbrev  0x000003ea       0xac ./Application/User/Core/stm32g0xx_it.o
 .debug_abbrev  0x00000496       0x24 ./Application/User/Startup/startup_stm32g0b1cbtx.o
 .debug_abbrev  0x000004ba      0x117 ./Drivers/CMSIS/system_stm32g0xx.o
 .debug_abbrev  0x000005d1      0x27f ./Drivers/STM32G0xx_HAL_Driver/stm32g0xx_hal.o
 .debug_abbrev  0x00000850      0x2ab ./Drivers/STM32G0xx_HAL_Driver/stm32g0xx_hal_cortex.o
 .debug_abbrev  0x00000afb      0x1c8 ./Drivers/STM32G0xx_HAL_Driver/stm32g0xx_hal_gpio.o
 .debug_abbrev  0x00000cc3      0x23c ./Drivers/STM32G0xx_HAL_Driver/stm32g0xx_hal_pwr_ex.o
 .debug_abbrev  0x00000eff      0x2aa ./Drivers/STM32G0xx_HAL_Driver/stm32g0xx_hal_rcc.o

.debug_aranges  0x00000000      0x540
 .debug_aranges
                0x00000000       0x20 ./Application/User/Core/gpio.o
 .debug_aranges
                0x00000020       0x30 ./Application/User/Core/main.o
 .debug_aranges
                0x00000050       0x20 ./Application/User/Core/stm32g0xx_hal_msp.o
 .debug_aranges
                0x00000070       0x40 ./Application/User/Core/stm32g0xx_it.o
 .debug_aranges
                0x000000b0       0x28 ./Application/User/Startup/startup_stm32g0b1cbtx.o
 .debug_aranges
                0x000000d8       0x28 ./Drivers/CMSIS/system_stm32g0xx.o
 .debug_aranges
                0x00000100      0x130 ./Drivers/STM32G0xx_HAL_Driver/stm32g0xx_hal.o
 .debug_aranges
                0x00000230       0xe8 ./Drivers/STM32G0xx_HAL_Driver/stm32g0xx_hal_cortex.o
 .debug_aranges
                0x00000318       0x60 ./Drivers/STM32G0xx_HAL_Driver/stm32g0xx_hal_gpio.o
 .debug_aranges
                0x00000378      0x128 ./Drivers/STM32G0xx_HAL_Driver/stm32g0xx_hal_pwr_ex.o
 .debug_aranges
                0x000004a0       0xa0 ./Drivers/STM32G0xx_HAL_Driver/stm32g0xx_hal_rcc.o

.debug_rnglists
                0x00000000      0x3cc
 .debug_rnglists
                0x00000000       0x13 ./Application/User/Core/gpio.o
 .debug_rnglists
                0x00000013       0x20 ./Application/User/Core/main.o
 .debug_rnglists
                0x00000033       0x13 ./Application/User/Core/stm32g0xx_hal_msp.o
 .debug_rnglists
                0x00000046       0x2b ./Application/User/Core/stm32g0xx_it.o
 .debug_rnglists
                0x00000071       0x19 ./Application/User/Startup/startup_stm32g0b1cbtx.o
 .debug_rnglists
                0x0000008a       0x1a ./Drivers/CMSIS/system_stm32g0xx.o
 .debug_rnglists
                0x000000a4       0xe0 ./Drivers/STM32G0xx_HAL_Driver/stm32g0xx_hal.o
 .debug_rnglists
                0x00000184       0xaa ./Drivers/STM32G0xx_HAL_Driver/stm32g0xx_hal_cortex.o
 .debug_rnglists
                0x0000022e       0x45 ./Drivers/STM32G0xx_HAL_Driver/stm32g0xx_hal_gpio.o
 .debug_rnglists
                0x00000273       0xe0 ./Drivers/STM32G0xx_HAL_Driver/stm32g0xx_hal_pwr_ex.o
 .debug_rnglists
                0x00000353       0x79 ./Drivers/STM32G0xx_HAL_Driver/stm32g0xx_hal_rcc.o

.debug_macro    0x00000000    0x19bc8
 .debug_macro   0x00000000      0x1d0 ./Application/User/Core/gpio.o
 .debug_macro   0x000001d0      0xaae ./Application/User/Core/gpio.o
 .debug_macro   0x00000c7e      0x11e ./Application/User/Core/gpio.o
 .debug_macro   0x00000d9c       0x2e ./Application/User/Core/gpio.o
 .debug_macro   0x00000dca       0x28 ./Application/User/Core/gpio.o
 .debug_macro   0x00000df2       0x22 ./Application/User/Core/gpio.o
 .debug_macro   0x00000e14       0x8e ./Application/User/Core/gpio.o
 .debug_macro   0x00000ea2       0x51 ./Application/User/Core/gpio.o
 .debug_macro   0x00000ef3      0x103 ./Application/User/Core/gpio.o
 .debug_macro   0x00000ff6       0x6a ./Application/User/Core/gpio.o
 .debug_macro   0x00001060      0x1df ./Application/User/Core/gpio.o
 .debug_macro   0x0000123f       0x1c ./Application/User/Core/gpio.o
 .debug_macro   0x0000125b       0x22 ./Application/User/Core/gpio.o
 .debug_macro   0x0000127d       0xd1 ./Application/User/Core/gpio.o
 .debug_macro   0x0000134e      0x4da ./Application/User/Core/gpio.o
 .debug_macro   0x00001828      0x11f ./Application/User/Core/gpio.o
 .debug_macro   0x00001947     0xf3de ./Application/User/Core/gpio.o
 .debug_macro   0x00010d25       0x66 ./Application/User/Core/gpio.o
 .debug_macro   0x00010d8b     0x350e ./Application/User/Core/gpio.o
 .debug_macro   0x00014299      0x190 ./Application/User/Core/gpio.o
 .debug_macro   0x00014429       0x5c ./Application/User/Core/gpio.o
 .debug_macro   0x00014485      0x72c ./Application/User/Core/gpio.o
 .debug_macro   0x00014bb1     0x1579 ./Application/User/Core/gpio.o
 .debug_macro   0x0001612a      0x535 ./Application/User/Core/gpio.o
 .debug_macro   0x0001665f      0x1cf ./Application/User/Core/gpio.o
 .debug_macro   0x0001682e      0x25b ./Application/User/Core/gpio.o
 .debug_macro   0x00016a89      0x4f5 ./Application/User/Core/gpio.o
 .debug_macro   0x00016f7e      0x280 ./Application/User/Core/gpio.o
 .debug_macro   0x000171fe      0x417 ./Application/User/Core/gpio.o
 .debug_macro   0x00017615      0x1b2 ./Application/User/Core/gpio.o
 .debug_macro   0x000177c7       0x43 ./Application/User/Core/gpio.o
 .debug_macro   0x0001780a      0x1f1 ./Application/User/Core/gpio.o
 .debug_macro   0x000179fb      0x1e4 ./Application/User/Core/gpio.o
 .debug_macro   0x00017bdf      0x3fa ./Application/User/Core/gpio.o
 .debug_macro   0x00017fd9       0x28 ./Application/User/Core/gpio.o
 .debug_macro   0x00018001      0x123 ./Application/User/Core/gpio.o
 .debug_macro   0x00018124      0x145 ./Application/User/Core/gpio.o
 .debug_macro   0x00018269      0x30b ./Application/User/Core/gpio.o
 .debug_macro   0x00018574      0x5df ./Application/User/Core/gpio.o
 .debug_macro   0x00018b53       0x10 ./Application/User/Core/gpio.o
 .debug_macro   0x00018b63      0x1d4 ./Application/User/Core/main.o
 .debug_macro   0x00018d37      0x1c6 ./Application/User/Core/stm32g0xx_hal_msp.o
 .debug_macro   0x00018efd      0x1d0 ./Application/User/Core/stm32g0xx_it.o
 .debug_macro   0x000190cd      0x1cb ./Drivers/CMSIS/system_stm32g0xx.o
 .debug_macro   0x00019298      0x1db ./Drivers/STM32G0xx_HAL_Driver/stm32g0xx_hal.o
 .debug_macro   0x00019473      0x1b7 ./Drivers/STM32G0xx_HAL_Driver/stm32g0xx_hal_cortex.o
 .debug_macro   0x0001962a      0x1be ./Drivers/STM32G0xx_HAL_Driver/stm32g0xx_hal_gpio.o
 .debug_macro   0x000197e8      0x1e1 ./Drivers/STM32G0xx_HAL_Driver/stm32g0xx_hal_pwr_ex.o
 .debug_macro   0x000199c9      0x1ff ./Drivers/STM32G0xx_HAL_Driver/stm32g0xx_hal_rcc.o

.debug_line     0x00000000     0x6508
 .debug_line    0x00000000      0x760 ./Application/User/Core/gpio.o
 .debug_line    0x00000760      0x7da ./Application/User/Core/main.o
 .debug_line    0x00000f3a      0x754 ./Application/User/Core/stm32g0xx_hal_msp.o
 .debug_line    0x0000168e      0x7b0 ./Application/User/Core/stm32g0xx_it.o
 .debug_line    0x00001e3e       0x7b ./Application/User/Startup/startup_stm32g0b1cbtx.o
 .debug_line    0x00001eb9      0x7ce ./Drivers/CMSIS/system_stm32g0xx.o
 .debug_line    0x00002687      0xb3c ./Drivers/STM32G0xx_HAL_Driver/stm32g0xx_hal.o
 .debug_line    0x000031c3      0xba1 ./Drivers/STM32G0xx_HAL_Driver/stm32g0xx_hal_cortex.o
 .debug_line    0x00003d64      0xb71 ./Drivers/STM32G0xx_HAL_Driver/stm32g0xx_hal_gpio.o
 .debug_line    0x000048d5      0xbed ./Drivers/STM32G0xx_HAL_Driver/stm32g0xx_hal_pwr_ex.o
 .debug_line    0x000054c2     0x1046 ./Drivers/STM32G0xx_HAL_Driver/stm32g0xx_hal_rcc.o

.debug_str      0x00000000    0xa666d
 .debug_str     0x00000000    0xa666d ./Application/User/Core/gpio.o
                              0xa5339 (size before relaxing)
 .debug_str     0x000a666d    0xa53e5 ./Application/User/Core/main.o
 .debug_str     0x000a666d    0xa528f ./Application/User/Core/stm32g0xx_hal_msp.o
 .debug_str     0x000a666d    0xa51f3 ./Application/User/Core/stm32g0xx_it.o
 .debug_str     0x000a666d       0x85 ./Application/User/Startup/startup_stm32g0b1cbtx.o
 .debug_str     0x000a666d    0xa5319 ./Drivers/CMSIS/system_stm32g0xx.o
 .debug_str     0x000a666d    0xa5b6f ./Drivers/STM32G0xx_HAL_Driver/stm32g0xx_hal.o
 .debug_str     0x000a666d    0xa57a7 ./Drivers/STM32G0xx_HAL_Driver/stm32g0xx_hal_cortex.o
 .debug_str     0x000a666d    0xa53f9 ./Drivers/STM32G0xx_HAL_Driver/stm32g0xx_hal_gpio.o
 .debug_str     0x000a666d    0xa5818 ./Drivers/STM32G0xx_HAL_Driver/stm32g0xx_hal_pwr_ex.o
 .debug_str     0x000a666d    0xa5a62 ./Drivers/STM32G0xx_HAL_Driver/stm32g0xx_hal_rcc.o

.comment        0x00000000       0x43
 .comment       0x00000000       0x43 ./Application/User/Core/gpio.o
                                 0x44 (size before relaxing)
 .comment       0x00000043       0x44 ./Application/User/Core/main.o
 .comment       0x00000043       0x44 ./Application/User/Core/stm32g0xx_hal_msp.o
 .comment       0x00000043       0x44 ./Application/User/Core/stm32g0xx_it.o
 .comment       0x00000043       0x44 ./Drivers/CMSIS/system_stm32g0xx.o
 .comment       0x00000043       0x44 ./Drivers/STM32G0xx_HAL_Driver/stm32g0xx_hal.o
 .comment       0x00000043       0x44 ./Drivers/STM32G0xx_HAL_Driver/stm32g0xx_hal_cortex.o
 .comment       0x00000043       0x44 ./Drivers/STM32G0xx_HAL_Driver/stm32g0xx_hal_gpio.o
 .comment       0x00000043       0x44 ./Drivers/STM32G0xx_HAL_Driver/stm32g0xx_hal_pwr_ex.o
 .comment       0x00000043       0x44 ./Drivers/STM32G0xx_HAL_Driver/stm32g0xx_hal_rcc.o

.debug_frame    0x00000000     0x10ac
 .debug_frame   0x00000000       0x30 ./Application/User/Core/gpio.o
 .debug_frame   0x00000030       0x68 ./Application/User/Core/main.o
 .debug_frame   0x00000098       0x30 ./Application/User/Core/stm32g0xx_hal_msp.o
 .debug_frame   0x000000c8       0x9c ./Application/User/Core/stm32g0xx_it.o
 .debug_frame   0x00000164       0x4c ./Drivers/CMSIS/system_stm32g0xx.o
 .debug_frame   0x000001b0      0x41c ./Drivers/STM32G0xx_HAL_Driver/stm32g0xx_hal.o
 .debug_frame   0x000005cc      0x33c ./Drivers/STM32G0xx_HAL_Driver/stm32g0xx_hal_cortex.o
 .debug_frame   0x00000908      0x130 ./Drivers/STM32G0xx_HAL_Driver/stm32g0xx_hal_gpio.o
 .debug_frame   0x00000a38      0x3f4 ./Drivers/STM32G0xx_HAL_Driver/stm32g0xx_hal_pwr_ex.o
 .debug_frame   0x00000e2c      0x214 ./Drivers/STM32G0xx_HAL_Driver/stm32g0xx_hal_rcc.o
 .debug_frame   0x00001040       0x20 C:/ST/STM32CubeIDE_1.19.0/STM32CubeIDE/plugins/com.st.stm32cube.ide.mcu.externaltools.gnu-tools-for-stm32.13.3.rel1.win32_1.0.0.202411081344/tools/bin/../lib/gcc/arm-none-eabi/13.3.1/../../../../arm-none-eabi/lib/thumb/v6-m/nofp\libc_nano.a(libc_a-memset.o)
 .debug_frame   0x00001060       0x2c C:/ST/STM32CubeIDE_1.19.0/STM32CubeIDE/plugins/com.st.stm32cube.ide.mcu.externaltools.gnu-tools-for-stm32.13.3.rel1.win32_1.0.0.202411081344/tools/bin/../lib/gcc/arm-none-eabi/13.3.1/../../../../arm-none-eabi/lib/thumb/v6-m/nofp\libc_nano.a(libc_a-init.o)
 .debug_frame   0x0000108c       0x20 C:/ST/STM32CubeIDE_1.19.0/STM32CubeIDE/plugins/com.st.stm32cube.ide.mcu.externaltools.gnu-tools-for-stm32.13.3.rel1.win32_1.0.0.202411081344/tools/bin/../lib/gcc/arm-none-eabi/13.3.1/thumb/v6-m/nofp\libgcc.a(_udivsi3.o)

.debug_line_str
                0x00000000       0x69
 .debug_line_str
                0x00000000       0x69 ./Application/User/Startup/startup_stm32g0b1cbtx.o
